// Jest Snapshot v1, https://goo.gl/fbAQLP

exports[`Content renders correctly 1`] = `
<div>
  <h1>
    Starting 2021 with a new start and no mail
  </h1>
  <div
    dangerouslySetInnerHTML={
      {
        "__html": "<p>A scenario happened to me that is all too familiar -- I tried to find an email and realized that my inbox was too clunky and it was a futile attempt. This was not the first time or a new thing to happen, but the timing did happen to be at the end of an already frustrating year. ",
      }
    }
  />
</div>
`;
