// Jest Snapshot v1, https://goo.gl/fbAQLP

exports[`Author renders correctly 1`] = `
<div>
  <a
    href="/"
  />
  <div>
    <h2>
      <a
        href="/"
      >
        Murali Allada
      </a>
    </h2>
  </div>
  <p>
    I help companies build reliable cloud infrastructure. Previously, I built platforms/products at @microsoft, @rackspace and @verizon.
  </p>
</div>
`;
