// Jest Snapshot v1, https://goo.gl/fbAQLP

exports[`Author renders correctly 1`] = `
<div>
  <p>
    A place for my semi-strong opinions, general musings and many, many questions.
    <a
      href="https://www.twitter.com/its_a_lisa"
      rel="noopener noreferrer"
      target="_blank"
    >
      <strong>
        Alyssa Feola
      </strong>
       on Twitter
    </a>
  </p>
</div>
`;
