// Jest Snapshot v1, https://goo.gl/fbAQLP

exports[`Author renders correctly 1`] = `
<div>
  <p>
    I help companies build reliable cloud infrastructure. Previously, I built platforms/products at @microsoft, @rackspace and @verizon.
    <a
      href="https://www.twitter.com/#"
      rel="noopener noreferrer"
      target="_blank"
    >
      <strong>
        Murali Allada
      </strong>
       on Twitter
    </a>
  </p>
</div>
`;
