{"v":1,"session":"desktop-5a9h5ko:b3abd0852f333f78","cmd":"add","ts":"2026-09-18T19:23:19Z","inv":{"id":"A-01","op":"rm_node"}}
{"v":1,"session":"desktop-5a9h5ko:b3abd0852f333f78","cmd":"add","ts":"2026-09-18T19:23:19Z","inv":{"id":"A-02","op":"rm_node"}}
{"v":1,"session":"desktop-5a9h5ko:b3abd0852f333f78","cmd":"add","ts":"2026-09-18T19:23:19Z","inv":{"id":"A-03","op":"rm_node"}}
{"v":1,"session":"desktop-5a9h5ko:b3abd0852f333f78","cmd":"add","ts":"2026-09-18T19:23:19Z","inv":{"id":"A-04","op":"rm_node"}}
{"v":1,"session":"desktop-5a9h5ko:b3abd0852f333f78","cmd":"add","ts":"2026-09-18T19:23:19Z","inv":{"id":"A-05","op":"rm_node"}}
{"v":1,"session":"desktop-5a9h5ko:b3abd0852f333f78","cmd":"add","ts":"2026-09-18T19:23:27Z","inv":{"id":"G-01","op":"rm_node"}}
{"v":1,"session":"desktop-5a9h5ko:b3abd0852f333f78","cmd":"add","ts":"2026-09-18T19:23:27Z","inv":{"id":"G-02","op":"rm_node"}}
{"v":1,"session":"desktop-5a9h5ko:b3abd0852f333f78","cmd":"add","ts":"2026-09-18T19:23:27Z","inv":{"id":"G-03","op":"rm_node"}}
{"v":1,"session":"desktop-5a9h5ko:b3abd0852f333f78","cmd":"add","ts":"2026-09-18T19:23:27Z","inv":{"id":"G-04","op":"rm_node"}}
{"v":1,"session":"desktop-5a9h5ko:b3abd0852f333f78","cmd":"add","ts":"2026-09-18T19:23:27Z","inv":{"id":"G-05","op":"rm_node"}}
{"v":1,"session":"desktop-5a9h5ko:b3abd0852f333f78","cmd":"add","ts":"2026-09-18T19:23:55Z","inv":{"id":"D-01","op":"rm_node"}}
{"v":1,"session":"desktop-5a9h5ko:b3abd0852f333f78","cmd":"field","ts":"2026-09-18T19:23:55Z","inv":{"id":"D-01","field":"context","op":"field_pop_last"}}
{"v":1,"session":"desktop-5a9h5ko:b3abd0852f333f78","cmd":"field","ts":"2026-09-18T19:23:55Z","inv":{"id":"D-01","field":"options","op":"field_pop_last"}}
{"v":1,"session":"desktop-5a9h5ko:b3abd0852f333f78","cmd":"field","ts":"2026-09-18T19:23:56Z","inv":{"id":"D-01","field":"options","op":"field_pop_last"}}
{"v":1,"session":"desktop-5a9h5ko:b3abd0852f333f78","cmd":"field","ts":"2026-09-18T19:23:56Z","inv":{"id":"D-01","field":"options","op":"field_pop_last"}}
{"v":1,"session":"desktop-5a9h5ko:b3abd0852f333f78","cmd":"field","ts":"2026-09-18T19:23:56Z","inv":{"id":"D-01","field":"decision","op":"field_pop_last"}}
{"v":1,"session":"desktop-5a9h5ko:b3abd0852f333f78","cmd":"field","ts":"2026-09-18T19:23:56Z","inv":{"id":"D-01","field":"consequences","op":"field_pop_last"}}
{"v":1,"session":"desktop-5a9h5ko:b3abd0852f333f78","cmd":"field","ts":"2026-09-18T19:23:56Z","inv":{"id":"D-01","field":"validation","op":"field_pop_last"}}
{"v":1,"session":"desktop-5a9h5ko:b3abd0852f333f78","cmd":"set","ts":"2026-09-18T19:23:57Z","inv":{"old_status":"proposed","id":"D-01","op":"set_status_plain"}}
{"v":1,"session":"desktop-5a9h5ko:b3abd0852f333f78","cmd":"add","ts":"2026-09-18T19:24:06Z","inv":{"id":"D-02","op":"rm_node"}}
{"v":1,"session":"desktop-5a9h5ko:b3abd0852f333f78","cmd":"field","ts":"2026-09-18T19:24:06Z","inv":{"id":"D-02","field":"context","op":"field_pop_last"}}
{"v":1,"session":"desktop-5a9h5ko:b3abd0852f333f78","cmd":"field","ts":"2026-09-18T19:24:06Z","inv":{"id":"D-02","field":"options","op":"field_pop_last"}}
{"v":1,"session":"desktop-5a9h5ko:b3abd0852f333f78","cmd":"field","ts":"2026-09-18T19:24:07Z","inv":{"id":"D-02","field":"options","op":"field_pop_last"}}
{"v":1,"session":"desktop-5a9h5ko:b3abd0852f333f78","cmd":"field","ts":"2026-09-18T19:24:07Z","inv":{"id":"D-02","field":"options","op":"field_pop_last"}}
{"v":1,"session":"desktop-5a9h5ko:b3abd0852f333f78","cmd":"field","ts":"2026-09-18T19:24:07Z","inv":{"id":"D-02","field":"decision","op":"field_pop_last"}}
{"v":1,"session":"desktop-5a9h5ko:b3abd0852f333f78","cmd":"field","ts":"2026-09-18T19:24:07Z","inv":{"id":"D-02","field":"consequences","op":"field_pop_last"}}
{"v":1,"session":"desktop-5a9h5ko:b3abd0852f333f78","cmd":"field","ts":"2026-09-18T19:24:07Z","inv":{"id":"D-02","field":"validation","op":"field_pop_last"}}
{"v":1,"session":"desktop-5a9h5ko:b3abd0852f333f78","cmd":"add","ts":"2026-09-18T19:24:07Z","inv":{"id":"D-03","op":"rm_node"}}
{"v":1,"session":"desktop-5a9h5ko:b3abd0852f333f78","cmd":"field","ts":"2026-09-18T19:24:08Z","inv":{"id":"D-03","field":"context","op":"field_pop_last"}}
{"v":1,"session":"desktop-5a9h5ko:b3abd0852f333f78","cmd":"field","ts":"2026-09-18T19:24:08Z","inv":{"id":"D-03","field":"options","op":"field_pop_last"}}
{"v":1,"session":"desktop-5a9h5ko:b3abd0852f333f78","cmd":"field","ts":"2026-09-18T19:24:08Z","inv":{"id":"D-03","field":"options","op":"field_pop_last"}}
{"v":1,"session":"desktop-5a9h5ko:b3abd0852f333f78","cmd":"field","ts":"2026-09-18T19:24:08Z","inv":{"id":"D-03","field":"options","op":"field_pop_last"}}
{"v":1,"session":"desktop-5a9h5ko:b3abd0852f333f78","cmd":"field","ts":"2026-09-18T19:24:08Z","inv":{"id":"D-03","field":"decision","op":"field_pop_last"}}
{"v":1,"session":"desktop-5a9h5ko:b3abd0852f333f78","cmd":"field","ts":"2026-09-18T19:24:08Z","inv":{"id":"D-03","field":"consequences","op":"field_pop_last"}}
{"v":1,"session":"desktop-5a9h5ko:b3abd0852f333f78","cmd":"field","ts":"2026-09-18T19:24:09Z","inv":{"id":"D-03","field":"validation","op":"field_pop_last"}}
{"v":1,"session":"desktop-5a9h5ko:b3abd0852f333f78","cmd":"add","ts":"2026-09-18T19:24:18Z","inv":{"id":"D-04","op":"rm_node"}}
{"v":1,"session":"desktop-5a9h5ko:b3abd0852f333f78","cmd":"field","ts":"2026-09-18T19:24:18Z","inv":{"id":"D-04","field":"context","op":"field_pop_last"}}
{"v":1,"session":"desktop-5a9h5ko:b3abd0852f333f78","cmd":"field","ts":"2026-09-18T19:24:18Z","inv":{"id":"D-04","field":"options","op":"field_pop_last"}}
{"v":1,"session":"desktop-5a9h5ko:b3abd0852f333f78","cmd":"field","ts":"2026-09-18T19:24:19Z","inv":{"id":"D-04","field":"options","op":"field_pop_last"}}
{"v":1,"session":"desktop-5a9h5ko:b3abd0852f333f78","cmd":"field","ts":"2026-09-18T19:24:19Z","inv":{"id":"D-04","field":"decision","op":"field_pop_last"}}
{"v":1,"session":"desktop-5a9h5ko:b3abd0852f333f78","cmd":"field","ts":"2026-09-18T19:24:19Z","inv":{"id":"D-04","field":"consequences","op":"field_pop_last"}}
{"v":1,"session":"desktop-5a9h5ko:b3abd0852f333f78","cmd":"field","ts":"2026-09-18T19:24:19Z","inv":{"id":"D-04","field":"validation","op":"field_pop_last"}}
{"v":1,"session":"desktop-5a9h5ko:b3abd0852f333f78","cmd":"add","ts":"2026-09-18T19:24:19Z","inv":{"id":"D-05","op":"rm_node"}}
{"v":1,"session":"desktop-5a9h5ko:b3abd0852f333f78","cmd":"field","ts":"2026-09-18T19:24:19Z","inv":{"id":"D-05","field":"context","op":"field_pop_last"}}
{"v":1,"session":"desktop-5a9h5ko:b3abd0852f333f78","cmd":"field","ts":"2026-09-18T19:24:20Z","inv":{"id":"D-05","field":"options","op":"field_pop_last"}}
{"v":1,"session":"desktop-5a9h5ko:b3abd0852f333f78","cmd":"field","ts":"2026-09-18T19:24:20Z","inv":{"id":"D-05","field":"options","op":"field_pop_last"}}
{"v":1,"session":"desktop-5a9h5ko:b3abd0852f333f78","cmd":"field","ts":"2026-09-18T19:24:20Z","inv":{"id":"D-05","field":"options","op":"field_pop_last"}}
{"v":1,"session":"desktop-5a9h5ko:b3abd0852f333f78","cmd":"field","ts":"2026-09-18T19:24:20Z","inv":{"id":"D-05","field":"decision","op":"field_pop_last"}}
{"v":1,"session":"desktop-5a9h5ko:b3abd0852f333f78","cmd":"field","ts":"2026-09-18T19:24:20Z","inv":{"id":"D-05","field":"consequences","op":"field_pop_last"}}
{"v":1,"session":"desktop-5a9h5ko:b3abd0852f333f78","cmd":"field","ts":"2026-09-18T19:24:21Z","inv":{"id":"D-05","field":"validation","op":"field_pop_last"}}
{"v":1,"session":"desktop-5a9h5ko:b3abd0852f333f78","cmd":"add","ts":"2026-09-18T19:24:32Z","inv":{"id":"D-06","op":"rm_node"}}
{"v":1,"session":"desktop-5a9h5ko:b3abd0852f333f78","cmd":"field","ts":"2026-09-18T19:24:32Z","inv":{"id":"D-06","field":"context","op":"field_pop_last"}}
{"v":1,"session":"desktop-5a9h5ko:b3abd0852f333f78","cmd":"field","ts":"2026-09-18T19:24:32Z","inv":{"id":"D-06","field":"options","op":"field_pop_last"}}
{"v":1,"session":"desktop-5a9h5ko:b3abd0852f333f78","cmd":"field","ts":"2026-09-18T19:24:32Z","inv":{"id":"D-06","field":"options","op":"field_pop_last"}}
{"v":1,"session":"desktop-5a9h5ko:b3abd0852f333f78","cmd":"field","ts":"2026-09-18T19:24:32Z","inv":{"id":"D-06","field":"options","op":"field_pop_last"}}
{"v":1,"session":"desktop-5a9h5ko:b3abd0852f333f78","cmd":"field","ts":"2026-09-18T19:24:32Z","inv":{"id":"D-06","field":"decision","op":"field_pop_last"}}
{"v":1,"session":"desktop-5a9h5ko:b3abd0852f333f78","cmd":"field","ts":"2026-09-18T19:24:33Z","inv":{"id":"D-06","field":"consequences","op":"field_pop_last"}}
{"v":1,"session":"desktop-5a9h5ko:b3abd0852f333f78","cmd":"field","ts":"2026-09-18T19:24:33Z","inv":{"id":"D-06","field":"validation","op":"field_pop_last"}}
{"v":1,"session":"desktop-5a9h5ko:b3abd0852f333f78","cmd":"add","ts":"2026-09-18T19:24:33Z","inv":{"id":"D-07","op":"rm_node"}}
{"v":1,"session":"desktop-5a9h5ko:b3abd0852f333f78","cmd":"field","ts":"2026-09-18T19:24:33Z","inv":{"id":"D-07","field":"context","op":"field_pop_last"}}
{"v":1,"session":"desktop-5a9h5ko:b3abd0852f333f78","cmd":"field","ts":"2026-09-18T19:24:33Z","inv":{"id":"D-07","field":"options","op":"field_pop_last"}}
{"v":1,"session":"desktop-5a9h5ko:b3abd0852f333f78","cmd":"field","ts":"2026-09-18T19:24:33Z","inv":{"id":"D-07","field":"options","op":"field_pop_last"}}
{"v":1,"session":"desktop-5a9h5ko:b3abd0852f333f78","cmd":"field","ts":"2026-09-18T19:24:34Z","inv":{"id":"D-07","field":"options","op":"field_pop_last"}}
{"v":1,"session":"desktop-5a9h5ko:b3abd0852f333f78","cmd":"field","ts":"2026-09-18T19:24:34Z","inv":{"id":"D-07","field":"decision","op":"field_pop_last"}}
{"v":1,"session":"desktop-5a9h5ko:b3abd0852f333f78","cmd":"field","ts":"2026-09-18T19:24:34Z","inv":{"id":"D-07","field":"consequences","op":"field_pop_last"}}
{"v":1,"session":"desktop-5a9h5ko:b3abd0852f333f78","cmd":"field","ts":"2026-09-18T19:24:34Z","inv":{"id":"D-07","field":"validation","op":"field_pop_last"}}
{"v":1,"session":"desktop-5a9h5ko:b3abd0852f333f78","cmd":"add","ts":"2026-09-18T19:24:34Z","inv":{"id":"D-08","op":"rm_node"}}
{"v":1,"session":"desktop-5a9h5ko:b3abd0852f333f78","cmd":"field","ts":"2026-09-18T19:24:34Z","inv":{"id":"D-08","field":"context","op":"field_pop_last"}}
{"v":1,"session":"desktop-5a9h5ko:b3abd0852f333f78","cmd":"field","ts":"2026-09-18T19:24:35Z","inv":{"id":"D-08","field":"options","op":"field_pop_last"}}
{"v":1,"session":"desktop-5a9h5ko:b3abd0852f333f78","cmd":"field","ts":"2026-09-18T19:24:35Z","inv":{"id":"D-08","field":"options","op":"field_pop_last"}}
{"v":1,"session":"desktop-5a9h5ko:b3abd0852f333f78","cmd":"field","ts":"2026-09-18T19:24:35Z","inv":{"id":"D-08","field":"options","op":"field_pop_last"}}
{"v":1,"session":"desktop-5a9h5ko:b3abd0852f333f78","cmd":"field","ts":"2026-09-18T19:24:35Z","inv":{"id":"D-08","field":"decision","op":"field_pop_last"}}
{"v":1,"session":"desktop-5a9h5ko:b3abd0852f333f78","cmd":"field","ts":"2026-09-18T19:24:35Z","inv":{"id":"D-08","field":"consequences","op":"field_pop_last"}}
{"v":1,"session":"desktop-5a9h5ko:b3abd0852f333f78","cmd":"field","ts":"2026-09-18T19:24:35Z","inv":{"id":"D-08","field":"validation","op":"field_pop_last"}}
{"v":1,"session":"desktop-5a9h5ko:b3abd0852f333f78","cmd":"add","ts":"2026-09-18T19:25:47Z","inv":{"id":"T-01","op":"rm_node"}}
{"v":1,"session":"desktop-5a9h5ko:b3abd0852f333f78","cmd":"add","ts":"2026-09-18T19:25:47Z","inv":{"id":"W-01","op":"rm_node"}}
{"v":1,"session":"desktop-5a9h5ko:b3abd0852f333f78","cmd":"field","ts":"2026-09-18T19:25:47Z","inv":{"id":"W-01","field":"ac","op":"field_pop_last"}}
{"v":1,"session":"desktop-5a9h5ko:b3abd0852f333f78","cmd":"field","ts":"2026-09-18T19:25:47Z","inv":{"id":"W-01","field":"ac","op":"field_pop_last"}}
{"v":1,"session":"desktop-5a9h5ko:b3abd0852f333f78","cmd":"field","ts":"2026-09-18T19:25:48Z","inv":{"id":"W-01","field":"exit","op":"field_pop_last"}}
{"v":1,"session":"desktop-5a9h5ko:b3abd0852f333f78","cmd":"field","ts":"2026-09-18T19:25:48Z","inv":{"id":"W-01","field":"exit","op":"field_pop_last"}}
{"v":1,"session":"desktop-5a9h5ko:b3abd0852f333f78","cmd":"field","ts":"2026-09-18T19:25:48Z","inv":{"id":"W-01","field":"exit","op":"field_pop_last"}}
{"v":1,"session":"desktop-5a9h5ko:b3abd0852f333f78","cmd":"field","ts":"2026-09-18T19:25:48Z","inv":{"id":"W-01","field":"exit","op":"field_pop_last"}}
{"v":1,"session":"desktop-5a9h5ko:b3abd0852f333f78","cmd":"field","ts":"2026-09-18T19:25:48Z","inv":{"id":"W-01","field":"evidence_strategy","op":"field_pop_last"}}
{"v":1,"session":"desktop-5a9h5ko:b3abd0852f333f78","cmd":"fitness","ts":"2026-09-18T19:25:48Z","inv":{"had_key":false,"wid":"W-01","gid":"G-01","previous":null,"op":"restore_fitness_key"}}
{"v":1,"session":"desktop-5a9h5ko:b3abd0852f333f78","cmd":"fitness","ts":"2026-09-18T19:25:49Z","inv":{"had_key":false,"wid":"W-01","gid":"G-05","previous":null,"op":"restore_fitness_key"}}
{"v":1,"session":"desktop-5a9h5ko:b3abd0852f333f78","cmd":"add","ts":"2026-09-18T19:25:59Z","inv":{"id":"W-02","op":"rm_node"}}
{"v":1,"session":"desktop-5a9h5ko:b3abd0852f333f78","cmd":"field","ts":"2026-09-18T19:25:59Z","inv":{"id":"W-02","field":"ac","op":"field_pop_last"}}
{"v":1,"session":"desktop-5a9h5ko:b3abd0852f333f78","cmd":"field","ts":"2026-09-18T19:25:59Z","inv":{"id":"W-02","field":"ac","op":"field_pop_last"}}
{"v":1,"session":"desktop-5a9h5ko:b3abd0852f333f78","cmd":"field","ts":"2026-09-18T19:26:00Z","inv":{"id":"W-02","field":"ac","op":"field_pop_last"}}
{"v":1,"session":"desktop-5a9h5ko:b3abd0852f333f78","cmd":"field","ts":"2026-09-18T19:26:00Z","inv":{"id":"W-02","field":"ac","op":"field_pop_last"}}
{"v":1,"session":"desktop-5a9h5ko:b3abd0852f333f78","cmd":"field","ts":"2026-09-18T19:26:00Z","inv":{"id":"W-02","field":"hypothesis","op":"field_pop_last"}}
{"v":1,"session":"desktop-5a9h5ko:b3abd0852f333f78","cmd":"field","ts":"2026-09-18T19:26:00Z","inv":{"id":"W-02","field":"evidence_strategy","op":"field_pop_last"}}
{"v":1,"session":"desktop-5a9h5ko:b3abd0852f333f78","cmd":"fitness","ts":"2026-09-18T19:26:00Z","inv":{"had_key":false,"wid":"W-02","gid":"G-01","previous":null,"op":"restore_fitness_key"}}
{"v":1,"session":"desktop-5a9h5ko:b3abd0852f333f78","cmd":"add","ts":"2026-09-18T19:26:00Z","inv":{"id":"W-03","op":"rm_node"}}
{"v":1,"session":"desktop-5a9h5ko:b3abd0852f333f78","cmd":"field","ts":"2026-09-18T19:26:01Z","inv":{"id":"W-03","field":"ac","op":"field_pop_last"}}
{"v":1,"session":"desktop-5a9h5ko:b3abd0852f333f78","cmd":"field","ts":"2026-09-18T19:26:01Z","inv":{"id":"W-03","field":"ac","op":"field_pop_last"}}
{"v":1,"session":"desktop-5a9h5ko:b3abd0852f333f78","cmd":"field","ts":"2026-09-18T19:26:01Z","inv":{"id":"W-03","field":"ac","op":"field_pop_last"}}
{"v":1,"session":"desktop-5a9h5ko:b3abd0852f333f78","cmd":"field","ts":"2026-09-18T19:26:01Z","inv":{"id":"W-03","field":"hypothesis","op":"field_pop_last"}}
{"v":1,"session":"desktop-5a9h5ko:b3abd0852f333f78","cmd":"field","ts":"2026-09-18T19:26:01Z","inv":{"id":"W-03","field":"evidence_strategy","op":"field_pop_last"}}
{"v":1,"session":"desktop-5a9h5ko:b3abd0852f333f78","cmd":"fitness","ts":"2026-09-18T19:26:01Z","inv":{"had_key":false,"wid":"W-03","gid":"G-03","previous":null,"op":"restore_fitness_key"}}
{"v":1,"session":"desktop-5a9h5ko:b3abd0852f333f78","cmd":"add","ts":"2026-09-18T19:26:11Z","inv":{"id":"W-04","op":"rm_node"}}
{"v":1,"session":"desktop-5a9h5ko:b3abd0852f333f78","cmd":"field","ts":"2026-09-18T19:26:11Z","inv":{"id":"W-04","field":"ac","op":"field_pop_last"}}
{"v":1,"session":"desktop-5a9h5ko:b3abd0852f333f78","cmd":"field","ts":"2026-09-18T19:26:11Z","inv":{"id":"W-04","field":"ac","op":"field_pop_last"}}
{"v":1,"session":"desktop-5a9h5ko:b3abd0852f333f78","cmd":"field","ts":"2026-09-18T19:26:11Z","inv":{"id":"W-04","field":"ac","op":"field_pop_last"}}
{"v":1,"session":"desktop-5a9h5ko:b3abd0852f333f78","cmd":"field","ts":"2026-09-18T19:26:11Z","inv":{"id":"W-04","field":"hypothesis","op":"field_pop_last"}}
{"v":1,"session":"desktop-5a9h5ko:b3abd0852f333f78","cmd":"field","ts":"2026-09-18T19:26:12Z","inv":{"id":"W-04","field":"evidence_strategy","op":"field_pop_last"}}
{"v":1,"session":"desktop-5a9h5ko:b3abd0852f333f78","cmd":"fitness","ts":"2026-09-18T19:26:12Z","inv":{"had_key":false,"wid":"W-04","gid":"G-03","previous":null,"op":"restore_fitness_key"}}
{"v":1,"session":"desktop-5a9h5ko:b3abd0852f333f78","cmd":"add","ts":"2026-09-18T19:26:12Z","inv":{"id":"W-05","op":"rm_node"}}
{"v":1,"session":"desktop-5a9h5ko:b3abd0852f333f78","cmd":"field","ts":"2026-09-18T19:26:12Z","inv":{"id":"W-05","field":"ac","op":"field_pop_last"}}
{"v":1,"session":"desktop-5a9h5ko:b3abd0852f333f78","cmd":"field","ts":"2026-09-18T19:26:12Z","inv":{"id":"W-05","field":"ac","op":"field_pop_last"}}
{"v":1,"session":"desktop-5a9h5ko:b3abd0852f333f78","cmd":"field","ts":"2026-09-18T19:26:12Z","inv":{"id":"W-05","field":"ac","op":"field_pop_last"}}
{"v":1,"session":"desktop-5a9h5ko:b3abd0852f333f78","cmd":"field","ts":"2026-09-18T19:26:13Z","inv":{"id":"W-05","field":"hypothesis","op":"field_pop_last"}}
{"v":1,"session":"desktop-5a9h5ko:b3abd0852f333f78","cmd":"field","ts":"2026-09-18T19:26:13Z","inv":{"id":"W-05","field":"evidence_strategy","op":"field_pop_last"}}
{"v":1,"session":"desktop-5a9h5ko:b3abd0852f333f78","cmd":"fitness","ts":"2026-09-18T19:26:13Z","inv":{"had_key":false,"wid":"W-05","gid":"G-02","previous":null,"op":"restore_fitness_key"}}
{"v":1,"session":"desktop-5a9h5ko:b3abd0852f333f78","cmd":"add","ts":"2026-09-18T19:26:24Z","inv":{"id":"W-06","op":"rm_node"}}
{"v":1,"session":"desktop-5a9h5ko:b3abd0852f333f78","cmd":"field","ts":"2026-09-18T19:26:24Z","inv":{"id":"W-06","field":"ac","op":"field_pop_last"}}
{"v":1,"session":"desktop-5a9h5ko:b3abd0852f333f78","cmd":"field","ts":"2026-09-18T19:26:24Z","inv":{"id":"W-06","field":"ac","op":"field_pop_last"}}
{"v":1,"session":"desktop-5a9h5ko:b3abd0852f333f78","cmd":"field","ts":"2026-09-18T19:26:24Z","inv":{"id":"W-06","field":"ac","op":"field_pop_last"}}
{"v":1,"session":"desktop-5a9h5ko:b3abd0852f333f78","cmd":"field","ts":"2026-09-18T19:26:24Z","inv":{"id":"W-06","field":"hypothesis","op":"field_pop_last"}}
{"v":1,"session":"desktop-5a9h5ko:b3abd0852f333f78","cmd":"field","ts":"2026-09-18T19:26:24Z","inv":{"id":"W-06","field":"evidence_strategy","op":"field_pop_last"}}
{"v":1,"session":"desktop-5a9h5ko:b3abd0852f333f78","cmd":"fitness","ts":"2026-09-18T19:26:25Z","inv":{"had_key":false,"wid":"W-06","gid":"G-02","previous":null,"op":"restore_fitness_key"}}
{"v":1,"session":"desktop-5a9h5ko:b3abd0852f333f78","cmd":"add","ts":"2026-09-18T19:26:25Z","inv":{"id":"W-07","op":"rm_node"}}
{"v":1,"session":"desktop-5a9h5ko:b3abd0852f333f78","cmd":"field","ts":"2026-09-18T19:26:25Z","inv":{"id":"W-07","field":"ac","op":"field_pop_last"}}
{"v":1,"session":"desktop-5a9h5ko:b3abd0852f333f78","cmd":"field","ts":"2026-09-18T19:26:25Z","inv":{"id":"W-07","field":"ac","op":"field_pop_last"}}
{"v":1,"session":"desktop-5a9h5ko:b3abd0852f333f78","cmd":"field","ts":"2026-09-18T19:26:25Z","inv":{"id":"W-07","field":"ac","op":"field_pop_last"}}
{"v":1,"session":"desktop-5a9h5ko:b3abd0852f333f78","cmd":"field","ts":"2026-09-18T19:26:25Z","inv":{"id":"W-07","field":"hypothesis","op":"field_pop_last"}}
{"v":1,"session":"desktop-5a9h5ko:b3abd0852f333f78","cmd":"field","ts":"2026-09-18T19:26:26Z","inv":{"id":"W-07","field":"evidence_strategy","op":"field_pop_last"}}
{"v":1,"session":"desktop-5a9h5ko:b3abd0852f333f78","cmd":"fitness","ts":"2026-09-18T19:26:26Z","inv":{"had_key":false,"wid":"W-07","gid":"G-01","previous":null,"op":"restore_fitness_key"}}
{"v":1,"session":"desktop-5a9h5ko:b3abd0852f333f78","cmd":"add","ts":"2026-09-18T19:26:35Z","inv":{"id":"W-08","op":"rm_node"}}
{"v":1,"session":"desktop-5a9h5ko:b3abd0852f333f78","cmd":"field","ts":"2026-09-18T19:26:35Z","inv":{"id":"W-08","field":"ac","op":"field_pop_last"}}
{"v":1,"session":"desktop-5a9h5ko:b3abd0852f333f78","cmd":"field","ts":"2026-09-18T19:26:35Z","inv":{"id":"W-08","field":"ac","op":"field_pop_last"}}
{"v":1,"session":"desktop-5a9h5ko:b3abd0852f333f78","cmd":"field","ts":"2026-09-18T19:26:35Z","inv":{"id":"W-08","field":"ac","op":"field_pop_last"}}
{"v":1,"session":"desktop-5a9h5ko:b3abd0852f333f78","cmd":"field","ts":"2026-09-18T19:26:35Z","inv":{"id":"W-08","field":"hypothesis","op":"field_pop_last"}}
{"v":1,"session":"desktop-5a9h5ko:b3abd0852f333f78","cmd":"field","ts":"2026-09-18T19:26:36Z","inv":{"id":"W-08","field":"evidence_strategy","op":"field_pop_last"}}
{"v":1,"session":"desktop-5a9h5ko:b3abd0852f333f78","cmd":"fitness","ts":"2026-09-18T19:26:36Z","inv":{"had_key":false,"wid":"W-08","gid":"G-01","previous":null,"op":"restore_fitness_key"}}
{"v":1,"session":"desktop-5a9h5ko:b3abd0852f333f78","cmd":"add","ts":"2026-09-18T19:26:36Z","inv":{"id":"W-09","op":"rm_node"}}
{"v":1,"session":"desktop-5a9h5ko:b3abd0852f333f78","cmd":"field","ts":"2026-09-18T19:26:36Z","inv":{"id":"W-09","field":"ac","op":"field_pop_last"}}
{"v":1,"session":"desktop-5a9h5ko:b3abd0852f333f78","cmd":"field","ts":"2026-09-18T19:26:36Z","inv":{"id":"W-09","field":"ac","op":"field_pop_last"}}
{"v":1,"session":"desktop-5a9h5ko:b3abd0852f333f78","cmd":"field","ts":"2026-09-18T19:26:36Z","inv":{"id":"W-09","field":"ac","op":"field_pop_last"}}
{"v":1,"session":"desktop-5a9h5ko:b3abd0852f333f78","cmd":"field","ts":"2026-09-18T19:26:37Z","inv":{"id":"W-09","field":"hypothesis","op":"field_pop_last"}}
{"v":1,"session":"desktop-5a9h5ko:b3abd0852f333f78","cmd":"field","ts":"2026-09-18T19:26:37Z","inv":{"id":"W-09","field":"evidence_strategy","op":"field_pop_last"}}
{"v":1,"session":"desktop-5a9h5ko:b3abd0852f333f78","cmd":"fitness","ts":"2026-09-18T19:26:37Z","inv":{"had_key":false,"wid":"W-09","gid":"G-04","previous":null,"op":"restore_fitness_key"}}
{"v":1,"session":"desktop-5a9h5ko:b3abd0852f333f78","cmd":"add","ts":"2026-09-18T19:26:45Z","inv":{"id":"W-10","op":"rm_node"}}
{"v":1,"session":"desktop-5a9h5ko:b3abd0852f333f78","cmd":"field","ts":"2026-09-18T19:26:45Z","inv":{"id":"W-10","field":"ac","op":"field_pop_last"}}
{"v":1,"session":"desktop-5a9h5ko:b3abd0852f333f78","cmd":"field","ts":"2026-09-18T19:26:46Z","inv":{"id":"W-10","field":"ac","op":"field_pop_last"}}
{"v":1,"session":"desktop-5a9h5ko:b3abd0852f333f78","cmd":"field","ts":"2026-09-18T19:26:46Z","inv":{"id":"W-10","field":"hypothesis","op":"field_pop_last"}}
{"v":1,"session":"desktop-5a9h5ko:b3abd0852f333f78","cmd":"field","ts":"2026-09-18T19:26:46Z","inv":{"id":"W-10","field":"evidence_strategy","op":"field_pop_last"}}
{"v":1,"session":"desktop-5a9h5ko:b3abd0852f333f78","cmd":"fitness","ts":"2026-09-18T19:26:46Z","inv":{"had_key":false,"wid":"W-10","gid":"G-04","previous":null,"op":"restore_fitness_key"}}
{"v":1,"session":"desktop-5a9h5ko:b3abd0852f333f78","cmd":"add","ts":"2026-09-18T19:26:46Z","inv":{"id":"W-11","op":"rm_node"}}
{"v":1,"session":"desktop-5a9h5ko:b3abd0852f333f78","cmd":"field","ts":"2026-09-18T19:26:47Z","inv":{"id":"W-11","field":"ac","op":"field_pop_last"}}
{"v":1,"session":"desktop-5a9h5ko:b3abd0852f333f78","cmd":"field","ts":"2026-09-18T19:26:47Z","inv":{"id":"W-11","field":"ac","op":"field_pop_last"}}
{"v":1,"session":"desktop-5a9h5ko:b3abd0852f333f78","cmd":"field","ts":"2026-09-18T19:26:47Z","inv":{"id":"W-11","field":"ac","op":"field_pop_last"}}
{"v":1,"session":"desktop-5a9h5ko:b3abd0852f333f78","cmd":"field","ts":"2026-09-18T19:26:47Z","inv":{"id":"W-11","field":"hypothesis","op":"field_pop_last"}}
{"v":1,"session":"desktop-5a9h5ko:b3abd0852f333f78","cmd":"field","ts":"2026-09-18T19:26:47Z","inv":{"id":"W-11","field":"evidence_strategy","op":"field_pop_last"}}
{"v":1,"session":"desktop-5a9h5ko:b3abd0852f333f78","cmd":"fitness","ts":"2026-09-18T19:26:47Z","inv":{"had_key":false,"wid":"W-11","gid":"G-05","previous":null,"op":"restore_fitness_key"}}
{"v":1,"session":"desktop-5a9h5ko:b3abd0852f333f78","cmd":"add","ts":"2026-09-18T19:26:58Z","inv":{"id":"W-12","op":"rm_node"}}
{"v":1,"session":"desktop-5a9h5ko:b3abd0852f333f78","cmd":"field","ts":"2026-09-18T19:26:58Z","inv":{"id":"W-12","field":"ac","op":"field_pop_last"}}
{"v":1,"session":"desktop-5a9h5ko:b3abd0852f333f78","cmd":"field","ts":"2026-09-18T19:26:58Z","inv":{"id":"W-12","field":"ac","op":"field_pop_last"}}
{"v":1,"session":"desktop-5a9h5ko:b3abd0852f333f78","cmd":"field","ts":"2026-09-18T19:26:59Z","inv":{"id":"W-12","field":"ac","op":"field_pop_last"}}
{"v":1,"session":"desktop-5a9h5ko:b3abd0852f333f78","cmd":"field","ts":"2026-09-18T19:26:59Z","inv":{"id":"W-12","field":"hypothesis","op":"field_pop_last"}}
{"v":1,"session":"desktop-5a9h5ko:b3abd0852f333f78","cmd":"field","ts":"2026-09-18T19:26:59Z","inv":{"id":"W-12","field":"evidence_strategy","op":"field_pop_last"}}
{"v":1,"session":"desktop-5a9h5ko:b3abd0852f333f78","cmd":"fitness","ts":"2026-09-18T19:26:59Z","inv":{"had_key":false,"wid":"W-12","gid":"G-05","previous":null,"op":"restore_fitness_key"}}
{"v":1,"session":"desktop-5a9h5ko:b3abd0852f333f78","cmd":"add","ts":"2026-09-18T19:26:59Z","inv":{"id":"W-13","op":"rm_node"}}
{"v":1,"session":"desktop-5a9h5ko:b3abd0852f333f78","cmd":"field","ts":"2026-09-18T19:26:59Z","inv":{"id":"W-13","field":"ac","op":"field_pop_last"}}
{"v":1,"session":"desktop-5a9h5ko:b3abd0852f333f78","cmd":"field","ts":"2026-09-18T19:27:00Z","inv":{"id":"W-13","field":"ac","op":"field_pop_last"}}
{"v":1,"session":"desktop-5a9h5ko:b3abd0852f333f78","cmd":"field","ts":"2026-09-18T19:27:00Z","inv":{"id":"W-13","field":"ac","op":"field_pop_last"}}
{"v":1,"session":"desktop-5a9h5ko:b3abd0852f333f78","cmd":"field","ts":"2026-09-18T19:27:00Z","inv":{"id":"W-13","field":"hypothesis","op":"field_pop_last"}}
{"v":1,"session":"desktop-5a9h5ko:b3abd0852f333f78","cmd":"field","ts":"2026-09-18T19:27:00Z","inv":{"id":"W-13","field":"evidence_strategy","op":"field_pop_last"}}
{"v":1,"session":"desktop-5a9h5ko:b3abd0852f333f78","cmd":"fitness","ts":"2026-09-18T19:27:00Z","inv":{"had_key":false,"wid":"W-13","gid":"G-05","previous":null,"op":"restore_fitness_key"}}
{"v":1,"session":"desktop-5a9h5ko:b3abd0852f333f78","cmd":"link","ts":"2026-09-18T19:27:00Z","inv":{"label":"causes","to":"W-13","op":"unlink_edge","from":"T-01"}}
{"v":1,"session":"desktop-5a9h5ko:b3abd0852f333f78","cmd":"add","ts":"2026-09-18T19:27:12Z","inv":{"id":"Q-01","op":"rm_node"}}
{"v":1,"session":"desktop-5a9h5ko:b3abd0852f333f78","cmd":"link","ts":"2026-09-18T19:27:12Z","inv":{"label":"asks","to":"W-06","op":"unlink_edge","from":"Q-01"}}
{"v":1,"session":"desktop-5a9h5ko:b3abd0852f333f78","cmd":"field","ts":"2026-09-18T19:27:12Z","inv":{"id":"Q-01","field":"why","op":"field_pop_last"}}
{"v":1,"session":"desktop-5a9h5ko:b3abd0852f333f78","cmd":"field","ts":"2026-09-18T19:27:13Z","inv":{"id":"Q-01","field":"exit","op":"field_pop_last"}}
{"v":1,"session":"desktop-5a9h5ko:b3abd0852f333f78","cmd":"add","ts":"2026-09-18T19:27:13Z","inv":{"id":"Q-02","op":"rm_node"}}
{"v":1,"session":"desktop-5a9h5ko:b3abd0852f333f78","cmd":"field","ts":"2026-09-18T19:27:13Z","inv":{"id":"Q-02","field":"why","op":"field_pop_last"}}
{"v":1,"session":"desktop-5a9h5ko:b3abd0852f333f78","cmd":"field","ts":"2026-09-18T19:27:13Z","inv":{"id":"Q-02","field":"exit","op":"field_pop_last"}}
{"v":1,"session":"desktop-5a9h5ko:b3abd0852f333f78","cmd":"add","ts":"2026-09-18T19:27:13Z","inv":{"id":"Q-03","op":"rm_node"}}
{"v":1,"session":"desktop-5a9h5ko:b3abd0852f333f78","cmd":"field","ts":"2026-09-18T19:27:13Z","inv":{"id":"Q-03","field":"why","op":"field_pop_last"}}
{"v":1,"session":"desktop-5a9h5ko:b3abd0852f333f78","cmd":"field","ts":"2026-09-18T19:27:14Z","inv":{"id":"Q-03","field":"exit","op":"field_pop_last"}}
{"v":1,"session":"desktop-5a9h5ko:b3abd0852f333f78","cmd":"add","ts":"2026-09-18T19:27:23Z","inv":{"id":"B-01","op":"rm_node"}}
{"v":1,"session":"desktop-5a9h5ko:b3abd0852f333f78","cmd":"field","ts":"2026-09-18T19:27:56Z","inv":{"id":"B-01","field":"vm","op":"field_pop_last"}}
{"v":1,"session":"desktop-5a9h5ko:b3abd0852f333f78","cmd":"field","ts":"2026-09-18T19:27:56Z","inv":{"id":"B-01","field":"threshold","op":"field_pop_last"}}
{"v":1,"session":"desktop-5a9h5ko:b3abd0852f333f78","cmd":"add","ts":"2026-09-18T19:27:56Z","inv":{"id":"B-02","op":"rm_node"}}
{"v":1,"session":"desktop-5a9h5ko:b3abd0852f333f78","cmd":"field","ts":"2026-09-18T19:27:56Z","inv":{"id":"B-02","field":"vm","op":"field_pop_last"}}
{"v":1,"session":"desktop-5a9h5ko:b3abd0852f333f78","cmd":"field","ts":"2026-09-18T19:27:56Z","inv":{"id":"B-02","field":"threshold","op":"field_pop_last"}}
{"v":1,"session":"desktop-5a9h5ko:b3abd0852f333f78","cmd":"add","ts":"2026-09-18T19:27:57Z","inv":{"id":"B-03","op":"rm_node"}}
{"v":1,"session":"desktop-5a9h5ko:b3abd0852f333f78","cmd":"field","ts":"2026-09-18T19:27:57Z","inv":{"id":"B-03","field":"vm","op":"field_pop_last"}}
{"v":1,"session":"desktop-5a9h5ko:b3abd0852f333f78","cmd":"field","ts":"2026-09-18T19:27:57Z","inv":{"id":"B-03","field":"threshold","op":"field_pop_last"}}
{"v":1,"session":"desktop-5a9h5ko:b3abd0852f333f78","cmd":"add","ts":"2026-09-18T19:27:57Z","inv":{"id":"B-04","op":"rm_node"}}
{"v":1,"session":"desktop-5a9h5ko:b3abd0852f333f78","cmd":"field","ts":"2026-09-18T19:27:57Z","inv":{"id":"B-04","field":"vm","op":"field_pop_last"}}
{"v":1,"session":"desktop-5a9h5ko:b3abd0852f333f78","cmd":"field","ts":"2026-09-18T19:27:57Z","inv":{"id":"B-04","field":"threshold","op":"field_pop_last"}}
{"v":1,"session":"desktop-5a9h5ko:b3abd0852f333f78","cmd":"add","ts":"2026-09-18T19:27:58Z","inv":{"id":"B-05","op":"rm_node"}}
{"v":1,"session":"desktop-5a9h5ko:b3abd0852f333f78","cmd":"field","ts":"2026-09-18T19:27:58Z","inv":{"id":"B-05","field":"vm","op":"field_pop_last"}}
{"v":1,"session":"desktop-5a9h5ko:b3abd0852f333f78","cmd":"field","ts":"2026-09-18T19:27:58Z","inv":{"id":"B-05","field":"threshold","op":"field_pop_last"}}
{"v":1,"session":"desktop-5a9h5ko:b3abd0852f333f78","cmd":"link","ts":"2026-09-18T19:28:14Z","inv":{"label":"blocks","to":"W-02","op":"unlink_edge","from":"W-01"}}
{"v":1,"session":"desktop-5a9h5ko:b3abd0852f333f78","cmd":"link","ts":"2026-09-18T19:28:14Z","inv":{"label":"blocks","to":"W-03","op":"unlink_edge","from":"W-01"}}
{"v":1,"session":"desktop-5a9h5ko:b3abd0852f333f78","cmd":"link","ts":"2026-09-18T19:28:14Z","inv":{"label":"blocks","to":"W-05","op":"unlink_edge","from":"W-02"}}
{"v":1,"session":"desktop-5a9h5ko:b3abd0852f333f78","cmd":"link","ts":"2026-09-18T19:28:14Z","inv":{"label":"blocks","to":"W-06","op":"unlink_edge","from":"W-02"}}
{"v":1,"session":"desktop-5a9h5ko:b3abd0852f333f78","cmd":"link","ts":"2026-09-18T19:28:14Z","inv":{"label":"blocks","to":"W-07","op":"unlink_edge","from":"W-02"}}
{"v":1,"session":"desktop-5a9h5ko:b3abd0852f333f78","cmd":"link","ts":"2026-09-18T19:28:15Z","inv":{"label":"blocks","to":"W-08","op":"unlink_edge","from":"W-02"}}
{"v":1,"session":"desktop-5a9h5ko:b3abd0852f333f78","cmd":"link","ts":"2026-09-18T19:28:15Z","inv":{"label":"blocks","to":"W-09","op":"unlink_edge","from":"W-02"}}
{"v":1,"session":"desktop-5a9h5ko:b3abd0852f333f78","cmd":"link","ts":"2026-09-18T19:28:15Z","inv":{"label":"blocks","to":"W-04","op":"unlink_edge","from":"W-03"}}
{"v":1,"session":"desktop-5a9h5ko:b3abd0852f333f78","cmd":"link","ts":"2026-09-18T19:28:15Z","inv":{"label":"blocks","to":"W-05","op":"unlink_edge","from":"W-03"}}
{"v":1,"session":"desktop-5a9h5ko:b3abd0852f333f78","cmd":"link","ts":"2026-09-18T19:28:15Z","inv":{"label":"blocks","to":"W-05","op":"unlink_edge","from":"W-04"}}
{"v":1,"session":"desktop-5a9h5ko:b3abd0852f333f78","cmd":"link","ts":"2026-09-18T19:28:15Z","inv":{"label":"blocks","to":"W-11","op":"unlink_edge","from":"W-04"}}
{"v":1,"session":"desktop-5a9h5ko:b3abd0852f333f78","cmd":"link","ts":"2026-09-18T19:28:16Z","inv":{"label":"blocks","to":"W-05","op":"unlink_edge","from":"W-07"}}
{"v":1,"session":"desktop-5a9h5ko:b3abd0852f333f78","cmd":"link","ts":"2026-09-18T19:28:16Z","inv":{"label":"blocks","to":"W-05","op":"unlink_edge","from":"W-08"}}
{"v":1,"session":"desktop-5a9h5ko:b3abd0852f333f78","cmd":"link","ts":"2026-09-18T19:28:16Z","inv":{"label":"blocks","to":"W-12","op":"unlink_edge","from":"W-05"}}
{"v":1,"session":"desktop-5a9h5ko:b3abd0852f333f78","cmd":"link","ts":"2026-09-18T19:28:16Z","inv":{"label":"blocks","to":"W-11","op":"unlink_edge","from":"W-05"}}
{"v":1,"session":"desktop-5a9h5ko:b3abd0852f333f78","cmd":"link","ts":"2026-09-18T19:28:16Z","inv":{"label":"blocks","to":"W-12","op":"unlink_edge","from":"W-06"}}
{"v":1,"session":"desktop-5a9h5ko:b3abd0852f333f78","cmd":"link","ts":"2026-09-18T19:28:16Z","inv":{"label":"blocks","to":"W-12","op":"unlink_edge","from":"W-09"}}
{"v":1,"session":"desktop-5a9h5ko:b3abd0852f333f78","cmd":"link","ts":"2026-09-18T19:28:17Z","inv":{"label":"blocks","to":"W-12","op":"unlink_edge","from":"W-10"}}
{"v":1,"session":"desktop-5a9h5ko:b3abd0852f333f78","cmd":"link","ts":"2026-09-18T19:28:17Z","inv":{"label":"blocks","to":"W-13","op":"unlink_edge","from":"W-11"}}
{"v":1,"session":"desktop-5a9h5ko:b3abd0852f333f78","cmd":"link","ts":"2026-09-18T19:28:17Z","inv":{"label":"blocks","to":"W-13","op":"unlink_edge","from":"W-12"}}
{"v":1,"session":"desktop-5a9h5ko:b3abd0852f333f78","cmd":"link","ts":"2026-09-18T19:28:17Z","inv":{"label":"implements","to":"D-07","op":"unlink_edge","from":"W-01"}}
{"v":1,"session":"desktop-5a9h5ko:b3abd0852f333f78","cmd":"link","ts":"2026-09-18T19:28:17Z","inv":{"label":"implements","to":"D-08","op":"unlink_edge","from":"W-01"}}
{"v":1,"session":"desktop-5a9h5ko:b3abd0852f333f78","cmd":"link","ts":"2026-09-18T19:28:17Z","inv":{"label":"implements","to":"D-05","op":"unlink_edge","from":"W-02"}}
{"v":1,"session":"desktop-5a9h5ko:b3abd0852f333f78","cmd":"link","ts":"2026-09-18T19:28:18Z","inv":{"label":"implements","to":"D-03","op":"unlink_edge","from":"W-03"}}
{"v":1,"session":"desktop-5a9h5ko:b3abd0852f333f78","cmd":"link","ts":"2026-09-18T19:28:18Z","inv":{"label":"implements","to":"D-02","op":"unlink_edge","from":"W-04"}}
{"v":1,"session":"desktop-5a9h5ko:b3abd0852f333f78","cmd":"link","ts":"2026-09-18T19:28:18Z","inv":{"label":"implements","to":"D-06","op":"unlink_edge","from":"W-06"}}
{"v":1,"session":"desktop-5a9h5ko:b3abd0852f333f78","cmd":"link","ts":"2026-09-18T19:28:18Z","inv":{"label":"implements","to":"D-04","op":"unlink_edge","from":"W-07"}}
{"v":1,"session":"desktop-5a9h5ko:b3abd0852f333f78","cmd":"link","ts":"2026-09-18T19:28:18Z","inv":{"label":"implements","to":"D-01","op":"unlink_edge","from":"W-13"}}
{"v":1,"session":"desktop-5a9h5ko:b3abd0852f333f78","cmd":"set","ts":"2026-09-18T19:29:01Z","inv":{"had_session_at_before":false,"old_w_status":"proposed","had_session_before":false,"id":"W-01","op":"set_w_status_with_goals","goal_statuses":{"G-05":"unverified","G-01":"unverified"},"old_session_at":"","old_session":""}}
{"v":1,"session":"desktop-5a9h5ko:b3abd0852f333f78","cmd":"field","ts":"2026-09-18T19:34:39Z","inv":{"id":"D-06","field":"decision","op":"field_pop_last"}}
{"v":1,"session":"desktop-5a9h5ko:b3abd0852f333f78","cmd":"set","ts":"2026-09-18T19:34:40Z","inv":{"old_status":"proposed","id":"D-06","op":"set_status_plain"}}
{"v":1,"session":"desktop-5a9h5ko:b3abd0852f333f78","cmd":"set","ts":"2026-09-18T19:34:40Z","inv":{"old_status":"proposed","id":"D-02","op":"set_status_plain"}}
{"v":1,"session":"desktop-5a9h5ko:b3abd0852f333f78","cmd":"set","ts":"2026-09-18T19:34:40Z","inv":{"old_status":"proposed","id":"D-03","op":"set_status_plain"}}
{"v":1,"session":"desktop-5a9h5ko:b3abd0852f333f78","cmd":"add","ts":"2026-09-18T19:34:40Z","inv":{"id":"D-09","op":"rm_node"}}
{"v":1,"session":"desktop-5a9h5ko:b3abd0852f333f78","cmd":"field","ts":"2026-09-18T19:34:40Z","inv":{"id":"D-09","field":"context","op":"field_pop_last"}}
{"v":1,"session":"desktop-5a9h5ko:b3abd0852f333f78","cmd":"field","ts":"2026-09-18T19:34:40Z","inv":{"id":"D-09","field":"options","op":"field_pop_last"}}
{"v":1,"session":"desktop-5a9h5ko:b3abd0852f333f78","cmd":"field","ts":"2026-09-18T19:34:41Z","inv":{"id":"D-09","field":"options","op":"field_pop_last"}}
{"v":1,"session":"desktop-5a9h5ko:b3abd0852f333f78","cmd":"field","ts":"2026-09-18T19:34:41Z","inv":{"id":"D-09","field":"options","op":"field_pop_last"}}
{"v":1,"session":"desktop-5a9h5ko:b3abd0852f333f78","cmd":"field","ts":"2026-09-18T19:34:41Z","inv":{"id":"D-09","field":"decision","op":"field_pop_last"}}
{"v":1,"session":"desktop-5a9h5ko:b3abd0852f333f78","cmd":"field","ts":"2026-09-18T19:34:41Z","inv":{"id":"D-09","field":"consequences","op":"field_pop_last"}}
{"v":1,"session":"desktop-5a9h5ko:b3abd0852f333f78","cmd":"field","ts":"2026-09-18T19:34:41Z","inv":{"id":"D-09","field":"validation","op":"field_pop_last"}}
{"v":1,"session":"desktop-5a9h5ko:b3abd0852f333f78","cmd":"set","ts":"2026-09-18T19:34:41Z","inv":{"old_status":"proposed","id":"D-09","op":"set_status_plain"}}
{"v":1,"session":"desktop-5a9h5ko:b3abd0852f333f78","cmd":"field","ts":"2026-09-18T19:34:48Z","inv":{"id":"Q-01","field":"outcome","op":"field_pop_last"}}
{"v":1,"session":"desktop-5a9h5ko:b3abd0852f333f78","cmd":"set","ts":"2026-09-18T19:34:48Z","inv":{"old_status":"open","id":"Q-01","op":"set_status_plain"}}
{"v":1,"session":"desktop-5a9h5ko:b3abd0852f333f78","cmd":"field","ts":"2026-09-18T19:34:48Z","inv":{"id":"Q-02","field":"outcome","op":"field_pop_last"}}
{"v":1,"session":"desktop-5a9h5ko:b3abd0852f333f78","cmd":"set","ts":"2026-09-18T19:34:48Z","inv":{"old_status":"open","id":"Q-02","op":"set_status_plain"}}
{"v":1,"session":"desktop-5a9h5ko:b3abd0852f333f78","cmd":"field","ts":"2026-09-18T19:34:56Z","inv":{"id":"W-05","field":"ac","op":"field_pop_last"}}
{"v":1,"session":"desktop-5a9h5ko:b3abd0852f333f78","cmd":"set","ts":"2026-09-18T19:34:56Z","inv":{"id":"W-11","old":"Port the test suite to the Astro stack","op":"set_title"}}
{"v":1,"session":"desktop-5a9h5ko:b3abd0852f333f78","cmd":"field","ts":"2026-09-18T19:34:56Z","inv":{"line":"The strategy chosen in Q-02 is implemented and documented in the repository.","id":"W-11","field":"ac","op":"field_insert_line","index":1}}
{"v":1,"session":"desktop-5a9h5ko:b3abd0852f333f78","cmd":"field","ts":"2026-09-18T19:34:56Z","inv":{"line":"Logic tests for utils and slug and taxonomy derivation run green on the chosen runner.","id":"W-11","field":"ac","op":"field_insert_line","index":1}}
{"v":1,"session":"desktop-5a9h5ko:b3abd0852f333f78","cmd":"field","ts":"2026-09-18T19:34:56Z","inv":{"line":"Component or page tests per Q-02 cover the ported UI and run in CI.","id":"W-11","field":"ac","op":"field_insert_line","index":1}}
{"v":1,"session":"desktop-5a9h5ko:b3abd0852f333f78","cmd":"field","ts":"2026-09-18T19:34:57Z","inv":{"id":"W-11","field":"ac","op":"field_pop_last"}}
{"v":1,"session":"desktop-5a9h5ko:b3abd0852f333f78","cmd":"field","ts":"2026-09-18T19:34:57Z","inv":{"id":"W-11","field":"ac","op":"field_pop_last"}}
{"v":1,"session":"desktop-5a9h5ko:b3abd0852f333f78","cmd":"field","ts":"2026-09-18T19:34:57Z","inv":{"id":"W-11","field":"ac","op":"field_pop_last"}}
{"v":1,"session":"desktop-5a9h5ko:b3abd0852f333f78","cmd":"field","ts":"2026-09-18T19:34:57Z","inv":{"line":"bun test keeps covering pure logic while the Q-02 choice covers the .astro layer.","id":"W-11","field":"hypothesis","op":"field_insert_line","index":1}}
{"v":1,"session":"desktop-5a9h5ko:b3abd0852f333f78","cmd":"field","ts":"2026-09-18T19:34:57Z","inv":{"id":"W-11","field":"hypothesis","op":"field_pop_last"}}
{"v":1,"session":"desktop-5a9h5ko:b3abd0852f333f78","cmd":"field","ts":"2026-09-18T19:34:58Z","inv":{"id":"W-13","field":"ac","op":"field_pop_last"}}
{"v":1,"session":"desktop-5a9h5ko:b3abd0852f333f78","cmd":"field","ts":"2026-09-18T19:34:58Z","inv":{"id":"W-13","field":"ac","op":"field_pop_last"}}
{"v":1,"session":"desktop-5a9h5ko:b3abd0852f333f78","cmd":"add","ts":"2026-09-18T19:40:19Z","inv":{"id":"D-10","op":"rm_node"}}
{"v":1,"session":"desktop-5a9h5ko:b3abd0852f333f78","cmd":"field","ts":"2026-09-18T19:40:19Z","inv":{"id":"D-10","field":"context","op":"field_pop_last"}}
{"v":1,"session":"desktop-5a9h5ko:b3abd0852f333f78","cmd":"field","ts":"2026-09-18T19:40:19Z","inv":{"id":"D-10","field":"options","op":"field_pop_last"}}
{"v":1,"session":"desktop-5a9h5ko:b3abd0852f333f78","cmd":"field","ts":"2026-09-18T19:40:20Z","inv":{"id":"D-10","field":"options","op":"field_pop_last"}}
{"v":1,"session":"desktop-5a9h5ko:b3abd0852f333f78","cmd":"field","ts":"2026-09-18T19:40:20Z","inv":{"id":"D-10","field":"decision","op":"field_pop_last"}}
{"v":1,"session":"desktop-5a9h5ko:b3abd0852f333f78","cmd":"field","ts":"2026-09-18T19:40:20Z","inv":{"id":"D-10","field":"consequences","op":"field_pop_last"}}
{"v":1,"session":"desktop-5a9h5ko:b3abd0852f333f78","cmd":"field","ts":"2026-09-18T19:40:20Z","inv":{"id":"D-10","field":"validation","op":"field_pop_last"}}
{"v":1,"session":"desktop-5a9h5ko:b3abd0852f333f78","cmd":"set","ts":"2026-09-18T19:40:20Z","inv":{"old_status":"proposed","id":"D-10","op":"set_status_plain"}}
{"v":1,"session":"desktop-5a9h5ko:b3abd0852f333f78","cmd":"field","ts":"2026-09-18T19:40:25Z","inv":{"id":"Q-03","field":"outcome","op":"field_pop_last"}}
{"v":1,"session":"desktop-5a9h5ko:b3abd0852f333f78","cmd":"set","ts":"2026-09-18T19:40:26Z","inv":{"old_status":"open","id":"Q-03","op":"set_status_plain"}}
{"v":1,"session":"desktop-5a9h5ko:b3abd0852f333f78","cmd":"set","ts":"2026-09-18T19:40:26Z","inv":{"id":"W-04","old":"Port UI components to native Astro (sidebar, feed, post, pagination, icons)","op":"set_title"}}
{"v":1,"session":"desktop-5a9h5ko:b3abd0852f333f78","cmd":"field","ts":"2026-09-18T19:40:26Z","inv":{"line":"Layout, Sidebar with its four children, Feed, Page, Pagination, Post with its four children, Button, Icon and Meta exist as .astro components.","id":"W-04","field":"ac","op":"field_insert_line","index":1}}
{"v":1,"session":"desktop-5a9h5ko:b3abd0852f333f78","cmd":"field","ts":"2026-09-18T19:40:26Z","inv":{"id":"W-04","field":"ac","op":"field_pop_last"}}
{"v":1,"session":"desktop-5a9h5ko:b3abd0852f333f78","cmd":"field","ts":"2026-09-18T19:40:26Z","inv":{"id":"W-04","field":"ac","op":"field_pop_last"}}
{"v":1,"session":"desktop-5a9h5ko:b3abd0852f333f78","cmd":"field","ts":"2026-09-18T19:40:27Z","inv":{"line":"src/components","id":"W-04","field":"surface","op":"field_insert_line","index":1}}
{"v":1,"session":"desktop-5a9h5ko:b3abd0852f333f78","cmd":"field","ts":"2026-09-18T19:40:27Z","inv":{"id":"W-04","field":"surface","op":"field_pop_last"}}
{"v":1,"session":"desktop-5a9h5ko:b3abd0852f333f78","cmd":"link","ts":"2026-09-18T19:40:27Z","inv":{"label":"implements","to":"D-10","op":"unlink_edge","from":"W-04"}}
{"v":1,"session":"desktop-5a9h5ko:b3abd0852f333f78","cmd":"field","ts":"2026-09-18T19:40:27Z","inv":{"id":"W-05","field":"surface","op":"field_pop_last"}}
{"v":1,"session":"desktop-5a9h5ko:b3abd0852f333f78","cmd":"link","ts":"2026-09-18T19:40:27Z","inv":{"label":"implements","to":"D-10","op":"unlink_edge","from":"W-05"}}
{"v":1,"session":"desktop-5a9h5ko:b3abd0852f333f78","cmd":"field","ts":"2026-09-18T19:40:37Z","inv":{"line":"Kept services per Q-03 load with the same ids and sampling as now (gtag in head, Sentry browser tracking).","id":"W-10","field":"ac","op":"field_insert_line","index":1}}
{"v":1,"session":"desktop-5a9h5ko:b3abd0852f333f78","cmd":"field","ts":"2026-09-18T19:40:37Z","inv":{"line":"Dropped services leave no trace in the bundle.","id":"W-10","field":"ac","op":"field_insert_line","index":1}}
{"v":1,"session":"desktop-5a9h5ko:b3abd0852f333f78","cmd":"field","ts":"2026-09-18T19:40:37Z","inv":{"id":"W-10","field":"ac","op":"field_pop_last"}}
{"v":1,"session":"desktop-5a9h5ko:b3abd0852f333f78","cmd":"field","ts":"2026-09-18T19:40:37Z","inv":{"id":"W-10","field":"ac","op":"field_pop_last"}}
{"v":1,"session":"desktop-5a9h5ko:b3abd0852f333f78","cmd":"field","ts":"2026-09-18T19:40:37Z","inv":{"id":"W-10","field":"ac","op":"field_pop_last"}}
{"v":1,"session":"desktop-5a9h5ko:b3abd0852f333f78","cmd":"field","ts":"2026-09-18T19:40:37Z","inv":{"line":"A plain script tag for gtag and the Sentry Astro SDK reproduce the current wiring on a static build.","id":"W-10","field":"hypothesis","op":"field_insert_line","index":1}}
{"v":1,"session":"desktop-5a9h5ko:b3abd0852f333f78","cmd":"field","ts":"2026-09-18T19:40:38Z","inv":{"id":"W-10","field":"hypothesis","op":"field_pop_last"}}
{"v":1,"session":"desktop-5a9h5ko:b3abd0852f333f78","cmd":"set","ts":"2026-09-18T19:43:25Z","inv":{"had_session_at_before":false,"old_w_status":"ready","had_session_before":false,"id":"W-01","op":"set_w_status_with_goals","goal_statuses":{"G-05":"unverified","G-01":"unverified"},"old_session_at":"","old_session":""}}
{"v":1,"session":"desktop-5a9h5ko:b3abd0852f333f78","cmd":"add","ts":"2026-09-18T19:50:15Z","inv":{"id":"B-06","op":"rm_node"}}
{"v":1,"session":"desktop-5a9h5ko:b3abd0852f333f78","cmd":"field","ts":"2026-09-18T19:50:15Z","inv":{"id":"B-06","field":"vm","op":"field_pop_last"}}
{"v":1,"session":"desktop-5a9h5ko:b3abd0852f333f78","cmd":"field","ts":"2026-09-18T19:50:15Z","inv":{"id":"B-06","field":"threshold","op":"field_pop_last"}}
{"v":1,"session":"desktop-5a9h5ko:b3abd0852f333f78","cmd":"field","ts":"2026-09-18T19:50:15Z","inv":{"id":"B-06","field":"result","op":"field_pop_last"}}
{"v":1,"session":"desktop-5a9h5ko:b3abd0852f333f78","cmd":"set","ts":"2026-09-18T19:50:16Z","inv":{"old_status":"proposed","id":"B-06","op":"set_status_plain"}}
{"v":1,"session":"desktop-5a9h5ko:b3abd0852f333f78","cmd":"link","ts":"2026-09-18T19:50:16Z","inv":{"label":"produces","to":"B-06","op":"unlink_edge","from":"W-01"}}
{"v":1,"session":"desktop-5a9h5ko:b3abd0852f333f78","cmd":"field","ts":"2026-09-18T19:50:16Z","inv":{"id":"B-01","field":"result","op":"field_pop_last"}}
{"v":1,"session":"desktop-5a9h5ko:b3abd0852f333f78","cmd":"set","ts":"2026-09-18T19:50:16Z","inv":{"old_status":"proposed","id":"B-01","op":"set_status_plain"}}
{"v":1,"session":"desktop-5a9h5ko:b3abd0852f333f78","cmd":"field","ts":"2026-09-18T19:50:16Z","inv":{"id":"B-02","field":"result","op":"field_pop_last"}}
{"v":1,"session":"desktop-5a9h5ko:b3abd0852f333f78","cmd":"set","ts":"2026-09-18T19:50:16Z","inv":{"old_status":"proposed","id":"B-02","op":"set_status_plain"}}
{"v":1,"session":"desktop-5a9h5ko:b3abd0852f333f78","cmd":"field","ts":"2026-09-18T19:50:16Z","inv":{"id":"B-04","field":"result","op":"field_pop_last"}}
{"v":1,"session":"desktop-5a9h5ko:b3abd0852f333f78","cmd":"set","ts":"2026-09-18T19:50:17Z","inv":{"old_status":"proposed","id":"B-04","op":"set_status_plain"}}
{"v":1,"session":"desktop-5a9h5ko:b3abd0852f333f78","cmd":"field","ts":"2026-09-18T19:50:17Z","inv":{"id":"B-05","field":"result","op":"field_pop_last"}}
{"v":1,"session":"desktop-5a9h5ko:b3abd0852f333f78","cmd":"set","ts":"2026-09-18T19:50:17Z","inv":{"old_status":"proposed","id":"B-05","op":"set_status_plain"}}
{"v":1,"session":"desktop-5a9h5ko:b3abd0852f333f78","cmd":"field","ts":"2026-09-18T19:50:29Z","inv":{"id":"W-01","field":"evidence","op":"field_pop_last"}}
{"v":1,"session":"desktop-5a9h5ko:b3abd0852f333f78","cmd":"field","ts":"2026-09-18T19:50:30Z","inv":{"id":"W-01","field":"evidence","op":"field_pop_last"}}
{"v":1,"session":"desktop-5a9h5ko:b3abd0852f333f78","cmd":"field","ts":"2026-09-18T19:50:30Z","inv":{"id":"W-01","field":"evidence","op":"field_pop_last"}}
{"v":1,"session":"desktop-5a9h5ko:b3abd0852f333f78","cmd":"field","ts":"2026-09-18T19:50:30Z","inv":{"id":"W-01","field":"evidence","op":"field_pop_last"}}
{"v":1,"session":"desktop-5a9h5ko:b3abd0852f333f78","cmd":"field","ts":"2026-09-18T19:50:30Z","inv":{"id":"W-01","field":"evidence","op":"field_pop_last"}}
{"v":1,"session":"desktop-5a9h5ko:b3abd0852f333f78","cmd":"field","ts":"2026-09-18T19:50:30Z","inv":{"id":"W-01","field":"evidence","op":"field_pop_last"}}
{"v":1,"session":"desktop-5a9h5ko:b3abd0852f333f78","cmd":"field","ts":"2026-09-18T19:50:30Z","inv":{"id":"W-01","field":"evidence","op":"field_pop_last"}}
{"v":1,"session":"desktop-5a9h5ko:b3abd0852f333f78","cmd":"field","ts":"2026-09-18T19:50:31Z","inv":{"id":"W-01","field":"evidence","op":"field_pop_last"}}
{"v":1,"session":"desktop-5a9h5ko:b3abd0852f333f78","cmd":"fitness","ts":"2026-09-18T19:50:31Z","inv":{"had_key":true,"wid":"W-01","gid":"G-01","previous":0,"op":"restore_fitness_key"}}
{"v":1,"session":"desktop-5a9h5ko:b3abd0852f333f78","cmd":"fitness","ts":"2026-09-18T19:50:31Z","inv":{"had_key":true,"wid":"W-01","gid":"G-05","previous":0,"op":"restore_fitness_key"}}
{"v":1,"session":"desktop-5a9h5ko:b3abd0852f333f78","cmd":"set","ts":"2026-09-18T19:50:31Z","inv":{"had_session_at_before":true,"old_w_status":"progress","had_session_before":true,"id":"W-01","op":"set_w_status_with_goals","goal_statuses":{"G-05":"unverified","G-01":"unverified"},"old_session_at":"2026-09-18T19:43:25Z","old_session":"desktop-5a9h5ko:b3abd0852f333f78"}}
{"v":1,"session":"desktop-5a9h5ko:b3abd0852f333f78","cmd":"set","ts":"2026-09-18T19:50:37Z","inv":{"old_status":"proposed","id":"D-05","op":"set_status_plain"}}
{"v":1,"session":"desktop-5a9h5ko:b3abd0852f333f78","cmd":"set","ts":"2026-09-18T19:50:37Z","inv":{"old_status":"proposed","id":"D-07","op":"set_status_plain"}}
{"v":1,"session":"desktop-5a9h5ko:b3abd0852f333f78","cmd":"set","ts":"2026-09-18T19:50:37Z","inv":{"old_status":"proposed","id":"D-08","op":"set_status_plain"}}
{"v":1,"session":"desktop-5a9h5ko:b3abd0852f333f78","cmd":"set","ts":"2026-09-18T19:50:37Z","inv":{"had_session_at_before":false,"old_w_status":"proposed","had_session_before":false,"id":"W-02","op":"set_w_status_with_goals","goal_statuses":{"G-01":"unverified"},"old_session_at":"","old_session":""}}
{"v":1,"session":"desktop-5a9h5ko:b3abd0852f333f78","cmd":"set","ts":"2026-09-18T19:50:37Z","inv":{"had_session_at_before":false,"old_w_status":"proposed","had_session_before":false,"id":"W-03","op":"set_w_status_with_goals","goal_statuses":{"G-03":"unverified"},"old_session_at":"","old_session":""}}
{"v":1,"session":"desktop-5a9h5ko:b3abd0852f333f78","cmd":"field","ts":"2026-09-18T19:50:57Z","inv":{"id":"W-01","field":"surface","op":"field_pop_last"}}
{"v":1,"session":"desktop-5a9h5ko:b3abd0852f333f78","cmd":"field","ts":"2026-09-18T19:50:57Z","inv":{"id":"W-01","field":"surface","op":"field_pop_last"}}
{"v":1,"session":"desktop-5a9h5ko:b3abd0852f333f78","cmd":"field","ts":"2026-09-18T19:50:57Z","inv":{"id":"W-01","field":"surface","op":"field_pop_last"}}
{"v":1,"session":"desktop-5a9h5ko:b3abd0852f333f78","cmd":"field","ts":"2026-09-18T19:50:58Z","inv":{"id":"W-01","field":"surface","op":"field_pop_last"}}
{"v":1,"session":"desktop-5a9h5ko:b3abd0852f333f78","cmd":"set","ts":"2026-09-18T19:53:20Z","inv":{"had_session_at_before":false,"old_w_status":"ready","had_session_before":false,"id":"W-03","op":"set_w_status_with_goals","goal_statuses":{"G-03":"unverified"},"old_session_at":"","old_session":""}}
{"v":1,"session":"desktop-5a9h5ko:b3abd0852f333f78","cmd":"field","ts":"2026-09-18T19:53:20Z","inv":{"id":"W-11","field":"plan","op":"field_pop_last"}}
{"v":1,"session":"desktop-5a9h5ko:b3abd0852f333f78","cmd":"field","ts":"2026-09-18T19:58:07Z","inv":{"id":"W-03","field":"surface","op":"field_pop_last"}}
{"v":1,"session":"desktop-5a9h5ko:b3abd0852f333f78","cmd":"field","ts":"2026-09-18T19:58:07Z","inv":{"id":"W-03","field":"surface","op":"field_pop_last"}}
{"v":1,"session":"desktop-5a9h5ko:b3abd0852f333f78","cmd":"field","ts":"2026-09-18T19:58:07Z","inv":{"id":"W-03","field":"surface","op":"field_pop_last"}}
{"v":1,"session":"desktop-5a9h5ko:b3abd0852f333f78","cmd":"field","ts":"2026-09-18T19:58:08Z","inv":{"id":"W-03","field":"surface","op":"field_pop_last"}}
{"v":1,"session":"desktop-5a9h5ko:b3abd0852f333f78","cmd":"field","ts":"2026-09-18T19:58:08Z","inv":{"id":"W-03","field":"surface","op":"field_pop_last"}}
{"v":1,"session":"desktop-5a9h5ko:b3abd0852f333f78","cmd":"field","ts":"2026-09-18T19:58:08Z","inv":{"id":"W-03","field":"evidence","op":"field_pop_last"}}
{"v":1,"session":"desktop-5a9h5ko:b3abd0852f333f78","cmd":"field","ts":"2026-09-18T19:58:08Z","inv":{"id":"W-03","field":"evidence","op":"field_pop_last"}}
{"v":1,"session":"desktop-5a9h5ko:b3abd0852f333f78","cmd":"field","ts":"2026-09-18T19:58:08Z","inv":{"id":"W-03","field":"evidence","op":"field_pop_last"}}
{"v":1,"session":"desktop-5a9h5ko:b3abd0852f333f78","cmd":"field","ts":"2026-09-18T19:58:08Z","inv":{"id":"W-03","field":"evidence","op":"field_pop_last"}}
{"v":1,"session":"desktop-5a9h5ko:b3abd0852f333f78","cmd":"field","ts":"2026-09-18T19:58:08Z","inv":{"id":"W-03","field":"evidence","op":"field_pop_last"}}
{"v":1,"session":"desktop-5a9h5ko:b3abd0852f333f78","cmd":"field","ts":"2026-09-18T19:58:09Z","inv":{"id":"W-03","field":"evidence","op":"field_pop_last"}}
{"v":1,"session":"desktop-5a9h5ko:b3abd0852f333f78","cmd":"field","ts":"2026-09-18T19:58:09Z","inv":{"id":"W-12","field":"plan","op":"field_pop_last"}}
{"v":1,"session":"desktop-5a9h5ko:b3abd0852f333f78","cmd":"fitness","ts":"2026-09-18T19:58:09Z","inv":{"had_key":true,"wid":"W-03","gid":"G-03","previous":1,"op":"restore_fitness_key"}}
{"v":1,"session":"desktop-5a9h5ko:b3abd0852f333f78","cmd":"set","ts":"2026-09-18T19:58:09Z","inv":{"had_session_at_before":true,"old_w_status":"progress","had_session_before":true,"id":"W-03","op":"set_w_status_with_goals","goal_statuses":{"G-03":"unverified"},"old_session_at":"2026-09-18T19:53:20Z","old_session":"desktop-5a9h5ko:b3abd0852f333f78"}}
{"v":1,"session":"desktop-5a9h5ko:b3abd0852f333f78","cmd":"set","ts":"2026-09-18T19:58:09Z","inv":{"had_session_at_before":false,"old_w_status":"proposed","had_session_before":false,"id":"W-04","op":"set_w_status_with_goals","goal_statuses":{"G-03":"partial"},"old_session_at":"","old_session":""}}
{"v":1,"session":"desktop-5a9h5ko:b3abd0852f333f78","cmd":"set","ts":"2026-09-18T19:58:26Z","inv":{"had_session_at_before":false,"old_w_status":"ready","had_session_before":false,"id":"W-02","op":"set_w_status_with_goals","goal_statuses":{"G-01":"unverified"},"old_session_at":"","old_session":""}}
{"v":1,"session":"desktop-5a9h5ko:b3abd0852f333f78","cmd":"field","ts":"2026-09-18T20:01:54Z","inv":{"id":"W-02","field":"surface","op":"field_pop_last"}}
{"v":1,"session":"desktop-5a9h5ko:b3abd0852f333f78","cmd":"field","ts":"2026-09-18T20:01:54Z","inv":{"id":"W-02","field":"surface","op":"field_pop_last"}}
{"v":1,"session":"desktop-5a9h5ko:b3abd0852f333f78","cmd":"field","ts":"2026-09-18T20:01:54Z","inv":{"id":"W-02","field":"surface","op":"field_pop_last"}}
{"v":1,"session":"desktop-5a9h5ko:b3abd0852f333f78","cmd":"field","ts":"2026-09-18T20:01:54Z","inv":{"id":"W-02","field":"surface","op":"field_pop_last"}}
{"v":1,"session":"desktop-5a9h5ko:b3abd0852f333f78","cmd":"field","ts":"2026-09-18T20:01:54Z","inv":{"id":"W-02","field":"evidence","op":"field_pop_last"}}
{"v":1,"session":"desktop-5a9h5ko:b3abd0852f333f78","cmd":"field","ts":"2026-09-18T20:01:54Z","inv":{"id":"W-02","field":"evidence","op":"field_pop_last"}}
{"v":1,"session":"desktop-5a9h5ko:b3abd0852f333f78","cmd":"field","ts":"2026-09-18T20:01:55Z","inv":{"id":"W-02","field":"evidence","op":"field_pop_last"}}
{"v":1,"session":"desktop-5a9h5ko:b3abd0852f333f78","cmd":"field","ts":"2026-09-18T20:01:55Z","inv":{"id":"W-02","field":"evidence","op":"field_pop_last"}}
{"v":1,"session":"desktop-5a9h5ko:b3abd0852f333f78","cmd":"field","ts":"2026-09-18T20:01:55Z","inv":{"id":"W-02","field":"evidence","op":"field_pop_last"}}
{"v":1,"session":"desktop-5a9h5ko:b3abd0852f333f78","cmd":"fitness","ts":"2026-09-18T20:01:55Z","inv":{"had_key":true,"wid":"W-02","gid":"G-01","previous":1,"op":"restore_fitness_key"}}
{"v":1,"session":"desktop-5a9h5ko:b3abd0852f333f78","cmd":"set","ts":"2026-09-18T20:01:55Z","inv":{"had_session_at_before":true,"old_w_status":"progress","had_session_before":true,"id":"W-02","op":"set_w_status_with_goals","goal_statuses":{"G-01":"unverified"},"old_session_at":"2026-09-18T19:58:26Z","old_session":"desktop-5a9h5ko:b3abd0852f333f78"}}
{"v":1,"session":"desktop-5a9h5ko:b3abd0852f333f78","cmd":"set","ts":"2026-09-18T20:01:55Z","inv":{"had_session_at_before":false,"old_w_status":"proposed","had_session_before":false,"id":"W-06","op":"set_w_status_with_goals","goal_statuses":{"G-02":"unverified"},"old_session_at":"","old_session":""}}
{"v":1,"session":"desktop-5a9h5ko:b3abd0852f333f78","cmd":"set","ts":"2026-09-18T20:01:56Z","inv":{"had_session_at_before":false,"old_w_status":"proposed","had_session_before":false,"id":"W-07","op":"set_w_status_with_goals","goal_statuses":{"G-01":"partial"},"old_session_at":"","old_session":""}}
{"v":1,"session":"desktop-5a9h5ko:b3abd0852f333f78","cmd":"set","ts":"2026-09-18T20:01:56Z","inv":{"had_session_at_before":false,"old_w_status":"proposed","had_session_before":false,"id":"W-08","op":"set_w_status_with_goals","goal_statuses":{"G-01":"partial"},"old_session_at":"","old_session":""}}
{"v":1,"session":"desktop-5a9h5ko:b3abd0852f333f78","cmd":"set","ts":"2026-09-18T20:01:56Z","inv":{"had_session_at_before":false,"old_w_status":"proposed","had_session_before":false,"id":"W-09","op":"set_w_status_with_goals","goal_statuses":{"G-04":"unverified"},"old_session_at":"","old_session":""}}
{"v":1,"session":"desktop-5a9h5ko:b3abd0852f333f78","cmd":"field","ts":"2026-09-18T20:02:22Z","inv":{"id":"W-02","field":"evidence","op":"field_pop_last"}}
{"v":1,"session":"desktop-5a9h5ko:b3abd0852f333f78","cmd":"field","ts":"2026-09-18T20:02:22Z","inv":{"id":"W-02","field":"surface","op":"field_pop_last"}}
{"v":1,"session":"desktop-5a9h5ko:b3abd0852f333f78","cmd":"set","ts":"2026-09-18T20:03:49Z","inv":{"had_session_at_before":false,"old_w_status":"ready","had_session_before":false,"id":"W-04","op":"set_w_status_with_goals","goal_statuses":{"G-03":"partial"},"old_session_at":"","old_session":""}}
{"v":1,"session":"desktop-5a9h5ko:b3abd0852f333f78","cmd":"field","ts":"2026-09-18T20:11:49Z","inv":{"line":"Layout, Sidebar with its four children, Feed, Page, Pagination, Post with its four children, Button, Icon and Meta exist as flat kebab-case .astro files under src/islands.","id":"W-04","field":"ac","op":"field_insert_line","index":3}}
{"v":1,"session":"desktop-5a9h5ko:b3abd0852f333f78","cmd":"field","ts":"2026-09-18T20:11:49Z","inv":{"line":"No src/components directory remains and the src tree follows the agreed layout (pages, islands, assets/styles, constants, utils, content, content.config.ts).","id":"W-04","field":"ac","op":"field_insert_line","index":3}}
{"v":1,"session":"desktop-5a9h5ko:b3abd0852f333f78","cmd":"field","ts":"2026-09-18T20:11:49Z","inv":{"id":"W-04","field":"ac","op":"field_pop_last"}}
{"v":1,"session":"desktop-5a9h5ko:b3abd0852f333f78","cmd":"field","ts":"2026-09-18T20:11:49Z","inv":{"id":"W-04","field":"ac","op":"field_pop_last"}}
{"v":1,"session":"desktop-5a9h5ko:b3abd0852f333f78","cmd":"field","ts":"2026-09-18T20:11:49Z","inv":{"id":"W-04","field":"surface","op":"field_pop_last"}}
{"v":1,"session":"desktop-5a9h5ko:b3abd0852f333f78","cmd":"field","ts":"2026-09-18T20:11:50Z","inv":{"id":"W-04","field":"surface","op":"field_pop_last"}}
{"v":1,"session":"desktop-5a9h5ko:b3abd0852f333f78","cmd":"field","ts":"2026-09-18T20:11:50Z","inv":{"id":"W-04","field":"surface","op":"field_pop_last"}}
{"v":1,"session":"desktop-5a9h5ko:b3abd0852f333f78","cmd":"field","ts":"2026-09-18T20:11:50Z","inv":{"id":"W-04","field":"surface","op":"field_pop_last"}}
{"v":1,"session":"desktop-5a9h5ko:b3abd0852f333f78","cmd":"field","ts":"2026-09-18T20:11:50Z","inv":{"id":"W-04","field":"evidence","op":"field_pop_last"}}
{"v":1,"session":"desktop-5a9h5ko:b3abd0852f333f78","cmd":"field","ts":"2026-09-18T20:11:50Z","inv":{"id":"W-04","field":"evidence","op":"field_pop_last"}}
{"v":1,"session":"desktop-5a9h5ko:b3abd0852f333f78","cmd":"field","ts":"2026-09-18T20:11:50Z","inv":{"id":"W-04","field":"evidence","op":"field_pop_last"}}
{"v":1,"session":"desktop-5a9h5ko:b3abd0852f333f78","cmd":"field","ts":"2026-09-18T20:11:51Z","inv":{"id":"W-04","field":"evidence","op":"field_pop_last"}}
{"v":1,"session":"desktop-5a9h5ko:b3abd0852f333f78","cmd":"field","ts":"2026-09-18T20:11:51Z","inv":{"id":"W-04","field":"evidence","op":"field_pop_last"}}
{"v":1,"session":"desktop-5a9h5ko:b3abd0852f333f78","cmd":"field","ts":"2026-09-18T20:11:51Z","inv":{"id":"W-04","field":"evidence","op":"field_pop_last"}}
{"v":1,"session":"desktop-5a9h5ko:b3abd0852f333f78","cmd":"field","ts":"2026-09-18T20:11:51Z","inv":{"id":"W-13","field":"plan","op":"field_pop_last"}}
{"v":1,"session":"desktop-5a9h5ko:b3abd0852f333f78","cmd":"fitness","ts":"2026-09-18T20:11:51Z","inv":{"had_key":true,"wid":"W-04","gid":"G-03","previous":1,"op":"restore_fitness_key"}}
{"v":1,"session":"desktop-5a9h5ko:b3abd0852f333f78","cmd":"set","ts":"2026-09-18T20:11:51Z","inv":{"had_session_at_before":true,"old_w_status":"progress","had_session_before":true,"id":"W-04","op":"set_w_status_with_goals","goal_statuses":{"G-03":"partial"},"old_session_at":"2026-09-18T20:03:49Z","old_session":"desktop-5a9h5ko:b3abd0852f333f78"}}
{"v":1,"session":"desktop-5a9h5ko:b3abd0852f333f78","cmd":"set","ts":"2026-09-18T20:11:52Z","inv":{"had_session_at_before":false,"old_w_status":"proposed","had_session_before":false,"id":"W-05","op":"set_w_status_with_goals","goal_statuses":{"G-02":"unverified"},"old_session_at":"","old_session":""}}
{"v":1,"session":"desktop-5a9h5ko:b3abd0852f333f78","cmd":"add","ts":"2026-09-18T20:12:16Z","inv":{"id":"Y-01","op":"rm_node"}}
{"v":1,"session":"desktop-5a9h5ko:b3abd0852f333f78","cmd":"field","ts":"2026-09-18T20:12:16Z","inv":{"id":"Y-01","field":"invariant","op":"field_pop_last"}}
{"v":1,"session":"desktop-5a9h5ko:b3abd0852f333f78","cmd":"field","ts":"2026-09-18T20:12:16Z","inv":{"id":"Y-01","field":"why","op":"field_pop_last"}}
{"v":1,"session":"desktop-5a9h5ko:b3abd0852f333f78","cmd":"set","ts":"2026-09-18T20:12:17Z","inv":{"old_status":"proposed","id":"Y-01","op":"set_status_plain"}}
{"v":1,"session":"desktop-5a9h5ko:b3abd0852f333f78","cmd":"add","ts":"2026-09-18T20:20:48Z","inv":{"id":"D-11","op":"rm_node"}}
{"v":1,"session":"desktop-5a9h5ko:b3abd0852f333f78","cmd":"field","ts":"2026-09-18T20:20:48Z","inv":{"id":"D-11","field":"context","op":"field_pop_last"}}
{"v":1,"session":"desktop-5a9h5ko:b3abd0852f333f78","cmd":"field","ts":"2026-09-18T20:20:49Z","inv":{"id":"D-11","field":"options","op":"field_pop_last"}}
{"v":1,"session":"desktop-5a9h5ko:b3abd0852f333f78","cmd":"field","ts":"2026-09-18T20:20:49Z","inv":{"id":"D-11","field":"options","op":"field_pop_last"}}
{"v":1,"session":"desktop-5a9h5ko:b3abd0852f333f78","cmd":"field","ts":"2026-09-18T20:20:49Z","inv":{"id":"D-11","field":"decision","op":"field_pop_last"}}
{"v":1,"session":"desktop-5a9h5ko:b3abd0852f333f78","cmd":"field","ts":"2026-09-18T20:20:49Z","inv":{"id":"D-11","field":"consequences","op":"field_pop_last"}}
{"v":1,"session":"desktop-5a9h5ko:b3abd0852f333f78","cmd":"field","ts":"2026-09-18T20:20:49Z","inv":{"id":"D-11","field":"validation","op":"field_pop_last"}}
{"v":1,"session":"desktop-5a9h5ko:b3abd0852f333f78","cmd":"set","ts":"2026-09-18T20:20:49Z","inv":{"old_status":"proposed","id":"D-11","op":"set_status_plain"}}
{"v":1,"session":"desktop-5a9h5ko:b3abd0852f333f78","cmd":"link","ts":"2026-09-18T20:20:49Z","inv":{"label":"implements","to":"D-11","op":"unlink_edge","from":"W-13"}}
{"v":1,"session":"desktop-5a9h5ko:b3abd0852f333f78","cmd":"add","ts":"2026-09-18T20:34:58Z","inv":{"id":"D-12","op":"rm_node"}}
{"v":1,"session":"desktop-5a9h5ko:b3abd0852f333f78","cmd":"field","ts":"2026-09-18T20:34:59Z","inv":{"id":"D-12","field":"context","op":"field_pop_last"}}
{"v":1,"session":"desktop-5a9h5ko:b3abd0852f333f78","cmd":"field","ts":"2026-09-18T20:34:59Z","inv":{"id":"D-12","field":"options","op":"field_pop_last"}}
{"v":1,"session":"desktop-5a9h5ko:b3abd0852f333f78","cmd":"field","ts":"2026-09-18T20:34:59Z","inv":{"id":"D-12","field":"options","op":"field_pop_last"}}
{"v":1,"session":"desktop-5a9h5ko:b3abd0852f333f78","cmd":"field","ts":"2026-09-18T20:34:59Z","inv":{"id":"D-12","field":"options","op":"field_pop_last"}}
{"v":1,"session":"desktop-5a9h5ko:b3abd0852f333f78","cmd":"field","ts":"2026-09-18T20:34:59Z","inv":{"id":"D-12","field":"decision","op":"field_pop_last"}}
{"v":1,"session":"desktop-5a9h5ko:b3abd0852f333f78","cmd":"field","ts":"2026-09-18T20:34:59Z","inv":{"id":"D-12","field":"consequences","op":"field_pop_last"}}
{"v":1,"session":"desktop-5a9h5ko:b3abd0852f333f78","cmd":"field","ts":"2026-09-18T20:34:59Z","inv":{"id":"D-12","field":"validation","op":"field_pop_last"}}
{"v":1,"session":"desktop-5a9h5ko:b3abd0852f333f78","cmd":"set","ts":"2026-09-18T20:35:00Z","inv":{"old_status":"proposed","id":"D-12","op":"set_status_plain"}}
{"v":1,"session":"desktop-5a9h5ko:b3abd0852f333f78","cmd":"set","ts":"2026-09-18T20:35:00Z","inv":{"old_status":"accepted","id":"D-11","op":"set_status_plain"}}
{"v":1,"session":"desktop-5a9h5ko:b3abd0852f333f78","cmd":"link","ts":"2026-09-18T20:35:00Z","inv":{"label":"implements","to":"D-12","op":"unlink_edge","from":"W-13"}}
{"v":1,"session":"desktop-5a9h5ko:b3abd0852f333f78","cmd":"set","ts":"2026-09-18T20:35:55Z","inv":{"had_session_at_before":false,"old_w_status":"ready","had_session_before":false,"id":"W-07","op":"set_w_status_with_goals","goal_statuses":{"G-01":"partial"},"old_session_at":"","old_session":""}}
{"v":1,"session":"desktop-5a9h5ko:b3abd0852f333f78","cmd":"field","ts":"2026-09-18T20:43:16Z","inv":{"id":"W-07","field":"surface","op":"field_pop_last"}}
{"v":1,"session":"desktop-5a9h5ko:b3abd0852f333f78","cmd":"field","ts":"2026-09-18T20:43:16Z","inv":{"id":"W-07","field":"surface","op":"field_pop_last"}}
{"v":1,"session":"desktop-5a9h5ko:b3abd0852f333f78","cmd":"field","ts":"2026-09-18T20:43:16Z","inv":{"id":"W-07","field":"surface","op":"field_pop_last"}}
{"v":1,"session":"desktop-5a9h5ko:b3abd0852f333f78","cmd":"field","ts":"2026-09-18T20:43:16Z","inv":{"id":"W-07","field":"surface","op":"field_pop_last"}}
{"v":1,"session":"desktop-5a9h5ko:b3abd0852f333f78","cmd":"field","ts":"2026-09-18T20:43:16Z","inv":{"id":"W-07","field":"evidence","op":"field_pop_last"}}
{"v":1,"session":"desktop-5a9h5ko:b3abd0852f333f78","cmd":"field","ts":"2026-09-18T20:43:16Z","inv":{"id":"W-07","field":"evidence","op":"field_pop_last"}}
{"v":1,"session":"desktop-5a9h5ko:b3abd0852f333f78","cmd":"field","ts":"2026-09-18T20:43:17Z","inv":{"id":"W-07","field":"evidence","op":"field_pop_last"}}
{"v":1,"session":"desktop-5a9h5ko:b3abd0852f333f78","cmd":"field","ts":"2026-09-18T20:43:17Z","inv":{"id":"W-07","field":"evidence","op":"field_pop_last"}}
{"v":1,"session":"desktop-5a9h5ko:b3abd0852f333f78","cmd":"field","ts":"2026-09-18T20:43:17Z","inv":{"id":"W-07","field":"evidence","op":"field_pop_last"}}
{"v":1,"session":"desktop-5a9h5ko:b3abd0852f333f78","cmd":"fitness","ts":"2026-09-18T20:43:17Z","inv":{"had_key":true,"wid":"W-07","gid":"G-01","previous":1,"op":"restore_fitness_key"}}
{"v":1,"session":"desktop-5a9h5ko:b3abd0852f333f78","cmd":"set","ts":"2026-09-18T20:43:17Z","inv":{"had_session_at_before":true,"old_w_status":"progress","had_session_before":true,"id":"W-07","op":"set_w_status_with_goals","goal_statuses":{"G-01":"partial"},"old_session_at":"2026-09-18T20:35:55Z","old_session":"desktop-5a9h5ko:b3abd0852f333f78"}}
{"v":1,"session":"desktop-5a9h5ko:b3abd0852f333f78","cmd":"set","ts":"2026-09-18T20:43:25Z","inv":{"had_session_at_before":false,"old_w_status":"ready","had_session_before":false,"id":"W-08","op":"set_w_status_with_goals","goal_statuses":{"G-01":"partial"},"old_session_at":"","old_session":""}}
{"v":1,"session":"desktop-5a9h5ko:b3abd0852f333f78","cmd":"field","ts":"2026-09-18T20:46:13Z","inv":{"id":"W-08","field":"surface","op":"field_pop_last"}}
{"v":1,"session":"desktop-5a9h5ko:b3abd0852f333f78","cmd":"field","ts":"2026-09-18T20:46:13Z","inv":{"id":"W-08","field":"surface","op":"field_pop_last"}}
{"v":1,"session":"desktop-5a9h5ko:b3abd0852f333f78","cmd":"field","ts":"2026-09-18T20:46:13Z","inv":{"id":"W-08","field":"surface","op":"field_pop_last"}}
{"v":1,"session":"desktop-5a9h5ko:b3abd0852f333f78","cmd":"field","ts":"2026-09-18T20:46:14Z","inv":{"id":"W-08","field":"surface","op":"field_pop_last"}}
{"v":1,"session":"desktop-5a9h5ko:b3abd0852f333f78","cmd":"field","ts":"2026-09-18T20:46:14Z","inv":{"id":"W-08","field":"evidence","op":"field_pop_last"}}
{"v":1,"session":"desktop-5a9h5ko:b3abd0852f333f78","cmd":"field","ts":"2026-09-18T20:46:14Z","inv":{"id":"W-08","field":"evidence","op":"field_pop_last"}}
{"v":1,"session":"desktop-5a9h5ko:b3abd0852f333f78","cmd":"field","ts":"2026-09-18T20:46:14Z","inv":{"id":"W-08","field":"evidence","op":"field_pop_last"}}
{"v":1,"session":"desktop-5a9h5ko:b3abd0852f333f78","cmd":"field","ts":"2026-09-18T20:46:14Z","inv":{"id":"W-08","field":"evidence","op":"field_pop_last"}}
{"v":1,"session":"desktop-5a9h5ko:b3abd0852f333f78","cmd":"field","ts":"2026-09-18T20:46:14Z","inv":{"id":"W-08","field":"evidence","op":"field_pop_last"}}
{"v":1,"session":"desktop-5a9h5ko:b3abd0852f333f78","cmd":"fitness","ts":"2026-09-18T20:46:14Z","inv":{"had_key":true,"wid":"W-08","gid":"G-01","previous":1,"op":"restore_fitness_key"}}
{"v":1,"session":"desktop-5a9h5ko:b3abd0852f333f78","cmd":"set","ts":"2026-09-18T20:46:15Z","inv":{"had_session_at_before":true,"old_w_status":"progress","had_session_before":true,"id":"W-08","op":"set_w_status_with_goals","goal_statuses":{"G-01":"partial"},"old_session_at":"2026-09-18T20:43:25Z","old_session":"desktop-5a9h5ko:b3abd0852f333f78"}}
{"v":1,"session":"desktop-5a9h5ko:b3abd0852f333f78","cmd":"add","ts":"2026-09-18T20:46:39Z","inv":{"id":"Y-02","op":"rm_node"}}
{"v":1,"session":"desktop-5a9h5ko:b3abd0852f333f78","cmd":"field","ts":"2026-09-18T20:46:39Z","inv":{"id":"Y-02","field":"invariant","op":"field_pop_last"}}
{"v":1,"session":"desktop-5a9h5ko:b3abd0852f333f78","cmd":"field","ts":"2026-09-18T20:46:39Z","inv":{"id":"Y-02","field":"why","op":"field_pop_last"}}
{"v":1,"session":"desktop-5a9h5ko:b3abd0852f333f78","cmd":"set","ts":"2026-09-18T20:46:40Z","inv":{"old_status":"proposed","id":"Y-02","op":"set_status_plain"}}
{"v":1,"session":"desktop-5a9h5ko:b3abd0852f333f78","cmd":"add","ts":"2026-09-18T20:46:40Z","inv":{"id":"Y-03","op":"rm_node"}}
{"v":1,"session":"desktop-5a9h5ko:b3abd0852f333f78","cmd":"field","ts":"2026-09-18T20:46:40Z","inv":{"id":"Y-03","field":"invariant","op":"field_pop_last"}}
{"v":1,"session":"desktop-5a9h5ko:b3abd0852f333f78","cmd":"field","ts":"2026-09-18T20:46:40Z","inv":{"id":"Y-03","field":"why","op":"field_pop_last"}}
{"v":1,"session":"desktop-5a9h5ko:b3abd0852f333f78","cmd":"set","ts":"2026-09-18T20:46:40Z","inv":{"old_status":"proposed","id":"Y-03","op":"set_status_plain"}}
{"v":1,"session":"desktop-5a9h5ko:b3abd0852f333f78","cmd":"set","ts":"2026-09-18T20:46:41Z","inv":{"had_session_at_before":false,"old_w_status":"ready","had_session_before":false,"id":"W-05","op":"set_w_status_with_goals","goal_statuses":{"G-02":"unverified"},"old_session_at":"","old_session":""}}
{"v":1,"session":"desktop-5a9h5ko:b3abd0852f333f78","cmd":"set","ts":"2026-09-18T20:48:42Z","inv":{"had_session_at_before":false,"old_w_status":"ready","had_session_before":false,"id":"W-05","op":"set_w_status_with_goals","goal_statuses":{"G-02":"unverified"},"old_session_at":"","old_session":""}}
{"v":1,"session":"desktop-5a9h5ko:b3abd0852f333f78","cmd":"field","ts":"2026-09-18T20:50:48Z","inv":{"id":"W-05","field":"surface","op":"field_pop_last"}}
{"v":1,"session":"desktop-5a9h5ko:b3abd0852f333f78","cmd":"field","ts":"2026-09-18T20:50:48Z","inv":{"id":"W-05","field":"surface","op":"field_pop_last"}}
{"v":1,"session":"desktop-5a9h5ko:b3abd0852f333f78","cmd":"field","ts":"2026-09-18T20:50:48Z","inv":{"id":"W-05","field":"evidence","op":"field_pop_last"}}
{"v":1,"session":"desktop-5a9h5ko:b3abd0852f333f78","cmd":"field","ts":"2026-09-18T20:50:48Z","inv":{"id":"W-05","field":"evidence","op":"field_pop_last"}}
{"v":1,"session":"desktop-5a9h5ko:b3abd0852f333f78","cmd":"field","ts":"2026-09-18T20:50:48Z","inv":{"id":"W-05","field":"evidence","op":"field_pop_last"}}
{"v":1,"session":"desktop-5a9h5ko:b3abd0852f333f78","cmd":"field","ts":"2026-09-18T20:50:49Z","inv":{"id":"W-05","field":"evidence","op":"field_pop_last"}}
{"v":1,"session":"desktop-5a9h5ko:b3abd0852f333f78","cmd":"fitness","ts":"2026-09-18T20:50:49Z","inv":{"had_key":true,"wid":"W-05","gid":"G-02","previous":1,"op":"restore_fitness_key"}}
{"v":1,"session":"desktop-5a9h5ko:b3abd0852f333f78","cmd":"set","ts":"2026-09-18T20:50:49Z","inv":{"had_session_at_before":true,"old_w_status":"progress","had_session_before":true,"id":"W-05","op":"set_w_status_with_goals","goal_statuses":{"G-02":"unverified"},"old_session_at":"2026-09-18T20:48:42Z","old_session":"desktop-5a9h5ko:b3abd0852f333f78"}}
{"v":1,"session":"desktop-5a9h5ko:b3abd0852f333f78","cmd":"set","ts":"2026-09-18T20:50:55Z","inv":{"had_session_at_before":false,"old_w_status":"ready","had_session_before":false,"id":"W-06","op":"set_w_status_with_goals","goal_statuses":{"G-02":"partial"},"old_session_at":"","old_session":""}}
{"v":1,"session":"desktop-5a9h5ko:b3abd0852f333f78","cmd":"field","ts":"2026-09-18T20:55:25Z","inv":{"id":"W-06","field":"surface","op":"field_pop_last"}}
{"v":1,"session":"desktop-5a9h5ko:b3abd0852f333f78","cmd":"field","ts":"2026-09-18T20:55:25Z","inv":{"id":"W-06","field":"surface","op":"field_pop_last"}}
{"v":1,"session":"desktop-5a9h5ko:b3abd0852f333f78","cmd":"field","ts":"2026-09-18T20:55:25Z","inv":{"id":"W-06","field":"surface","op":"field_pop_last"}}
{"v":1,"session":"desktop-5a9h5ko:b3abd0852f333f78","cmd":"field","ts":"2026-09-18T20:55:25Z","inv":{"id":"W-06","field":"surface","op":"field_pop_last"}}
{"v":1,"session":"desktop-5a9h5ko:b3abd0852f333f78","cmd":"field","ts":"2026-09-18T20:55:25Z","inv":{"id":"W-06","field":"surface","op":"field_pop_last"}}
{"v":1,"session":"desktop-5a9h5ko:b3abd0852f333f78","cmd":"field","ts":"2026-09-18T20:55:25Z","inv":{"id":"W-06","field":"surface","op":"field_pop_last"}}
{"v":1,"session":"desktop-5a9h5ko:b3abd0852f333f78","cmd":"field","ts":"2026-09-18T20:55:25Z","inv":{"id":"W-06","field":"surface","op":"field_pop_last"}}
{"v":1,"session":"desktop-5a9h5ko:b3abd0852f333f78","cmd":"field","ts":"2026-09-18T20:55:26Z","inv":{"id":"W-06","field":"surface","op":"field_pop_last"}}
{"v":1,"session":"desktop-5a9h5ko:b3abd0852f333f78","cmd":"field","ts":"2026-09-18T20:55:26Z","inv":{"id":"W-06","field":"surface","op":"field_pop_last"}}
{"v":1,"session":"desktop-5a9h5ko:b3abd0852f333f78","cmd":"field","ts":"2026-09-18T20:55:26Z","inv":{"id":"W-06","field":"surface","op":"field_pop_last"}}
{"v":1,"session":"desktop-5a9h5ko:b3abd0852f333f78","cmd":"field","ts":"2026-09-18T20:55:26Z","inv":{"id":"W-06","field":"evidence","op":"field_pop_last"}}
{"v":1,"session":"desktop-5a9h5ko:b3abd0852f333f78","cmd":"field","ts":"2026-09-18T20:55:26Z","inv":{"id":"W-06","field":"evidence","op":"field_pop_last"}}
{"v":1,"session":"desktop-5a9h5ko:b3abd0852f333f78","cmd":"field","ts":"2026-09-18T20:55:26Z","inv":{"id":"W-06","field":"evidence","op":"field_pop_last"}}
{"v":1,"session":"desktop-5a9h5ko:b3abd0852f333f78","cmd":"field","ts":"2026-09-18T20:55:26Z","inv":{"id":"W-06","field":"evidence","op":"field_pop_last"}}
{"v":1,"session":"desktop-5a9h5ko:b3abd0852f333f78","cmd":"field","ts":"2026-09-18T20:55:27Z","inv":{"id":"W-06","field":"evidence","op":"field_pop_last"}}
{"v":1,"session":"desktop-5a9h5ko:b3abd0852f333f78","cmd":"fitness","ts":"2026-09-18T20:55:27Z","inv":{"had_key":true,"wid":"W-06","gid":"G-02","previous":1,"op":"restore_fitness_key"}}
{"v":1,"session":"desktop-5a9h5ko:b3abd0852f333f78","cmd":"set","ts":"2026-09-18T20:55:27Z","inv":{"had_session_at_before":true,"old_w_status":"progress","had_session_before":true,"id":"W-06","op":"set_w_status_with_goals","goal_statuses":{"G-02":"partial"},"old_session_at":"2026-09-18T20:50:55Z","old_session":"desktop-5a9h5ko:b3abd0852f333f78"}}
{"v":1,"session":"desktop-5a9h5ko:b3abd0852f333f78","cmd":"add","ts":"2026-09-18T20:55:35Z","inv":{"id":"Y-04","op":"rm_node"}}
{"v":1,"session":"desktop-5a9h5ko:b3abd0852f333f78","cmd":"field","ts":"2026-09-18T20:55:35Z","inv":{"id":"Y-04","field":"invariant","op":"field_pop_last"}}
{"v":1,"session":"desktop-5a9h5ko:b3abd0852f333f78","cmd":"field","ts":"2026-09-18T20:55:35Z","inv":{"id":"Y-04","field":"why","op":"field_pop_last"}}
{"v":1,"session":"desktop-5a9h5ko:b3abd0852f333f78","cmd":"set","ts":"2026-09-18T20:55:35Z","inv":{"old_status":"proposed","id":"Y-04","op":"set_status_plain"}}
{"v":1,"session":"desktop-5a9h5ko:b3abd0852f333f78","cmd":"set","ts":"2026-09-18T21:02:10Z","inv":{"had_session_at_before":false,"old_w_status":"ready","had_session_before":false,"id":"W-09","op":"set_w_status_with_goals","goal_statuses":{"G-04":"unverified"},"old_session_at":"","old_session":""}}
{"v":1,"session":"desktop-5a9h5ko:b3abd0852f333f78","cmd":"field","ts":"2026-09-18T21:03:57Z","inv":{"id":"W-09","field":"evidence","op":"field_pop_last"}}
{"v":1,"session":"desktop-5a9h5ko:b3abd0852f333f78","cmd":"field","ts":"2026-09-18T21:03:57Z","inv":{"id":"W-09","field":"evidence","op":"field_pop_last"}}
{"v":1,"session":"desktop-5a9h5ko:b3abd0852f333f78","cmd":"field","ts":"2026-09-18T21:03:58Z","inv":{"id":"W-09","field":"evidence","op":"field_pop_last"}}
{"v":1,"session":"desktop-5a9h5ko:b3abd0852f333f78","cmd":"field","ts":"2026-09-18T21:03:58Z","inv":{"id":"W-09","field":"surface","op":"field_pop_last"}}
{"v":1,"session":"desktop-5a9h5ko:b3abd0852f333f78","cmd":"field","ts":"2026-09-18T21:03:58Z","inv":{"id":"W-09","field":"surface","op":"field_pop_last"}}
{"v":1,"session":"desktop-5a9h5ko:b3abd0852f333f78","cmd":"field","ts":"2026-09-18T21:03:58Z","inv":{"id":"W-09","field":"surface","op":"field_pop_last"}}
{"v":1,"session":"desktop-5a9h5ko:b3abd0852f333f78","cmd":"fitness","ts":"2026-09-18T21:03:58Z","inv":{"had_key":true,"wid":"W-09","gid":"G-04","previous":1,"op":"restore_fitness_key"}}
{"v":1,"session":"desktop-5a9h5ko:b3abd0852f333f78","cmd":"set","ts":"2026-09-18T21:03:58Z","inv":{"had_session_at_before":true,"old_w_status":"progress","had_session_before":true,"id":"W-09","op":"set_w_status_with_goals","goal_statuses":{"G-04":"unverified"},"old_session_at":"2026-09-18T21:02:10Z","old_session":"desktop-5a9h5ko:b3abd0852f333f78"}}
{"v":1,"session":"desktop-5a9h5ko:b3abd0852f333f78","cmd":"set","ts":"2026-09-18T21:04:15Z","inv":{"missing":["BChain validated"],"id":"W-10","op":"dor_reject"}}
{"v":1,"session":"desktop-5a9h5ko:b3abd0852f333f78","cmd":"field","ts":"2026-09-18T21:04:47Z","inv":{"id":"B-03","field":"result","op":"field_pop_last"}}
{"v":1,"session":"desktop-5a9h5ko:b3abd0852f333f78","cmd":"set","ts":"2026-09-18T21:04:47Z","inv":{"old_status":"proposed","id":"B-03","op":"set_status_plain"}}
{"v":1,"session":"desktop-5a9h5ko:b3abd0852f333f78","cmd":"set","ts":"2026-09-18T21:04:47Z","inv":{"had_session_at_before":false,"old_w_status":"proposed","had_session_before":false,"id":"W-10","op":"set_w_status_with_goals","goal_statuses":{"G-04":"partial"},"old_session_at":"","old_session":""}}
{"v":1,"session":"desktop-5a9h5ko:b3abd0852f333f78","cmd":"field","ts":"2026-09-18T21:09:25Z","inv":{"id":"W-10","field":"evidence","op":"field_pop_last"}}
{"v":1,"session":"desktop-5a9h5ko:b3abd0852f333f78","cmd":"field","ts":"2026-09-18T21:09:25Z","inv":{"id":"W-10","field":"evidence","op":"field_pop_last"}}
{"v":1,"session":"desktop-5a9h5ko:b3abd0852f333f78","cmd":"field","ts":"2026-09-18T21:09:26Z","inv":{"id":"W-10","field":"evidence","op":"field_pop_last"}}
{"v":1,"session":"desktop-5a9h5ko:b3abd0852f333f78","cmd":"field","ts":"2026-09-18T21:09:26Z","inv":{"id":"W-10","field":"evidence","op":"field_pop_last"}}
{"v":1,"session":"desktop-5a9h5ko:b3abd0852f333f78","cmd":"field","ts":"2026-09-18T21:09:26Z","inv":{"id":"W-10","field":"surface","op":"field_pop_last"}}
{"v":1,"session":"desktop-5a9h5ko:b3abd0852f333f78","cmd":"field","ts":"2026-09-18T21:09:26Z","inv":{"id":"W-10","field":"surface","op":"field_pop_last"}}
{"v":1,"session":"desktop-5a9h5ko:b3abd0852f333f78","cmd":"field","ts":"2026-09-18T21:09:26Z","inv":{"id":"W-10","field":"surface","op":"field_pop_last"}}
{"v":1,"session":"desktop-5a9h5ko:b3abd0852f333f78","cmd":"fitness","ts":"2026-09-18T21:09:26Z","inv":{"had_key":true,"wid":"W-10","gid":"G-04","previous":1,"op":"restore_fitness_key"}}
{"v":1,"session":"desktop-5a9h5ko:b3abd0852f333f78","cmd":"set","ts":"2026-09-18T21:09:26Z","inv":{"had_session_at_before":true,"old_w_status":"progress","had_session_before":true,"id":"W-10","op":"set_w_status_with_goals","goal_statuses":{"G-04":"partial"},"old_session_at":"2026-09-18T21:04:47Z","old_session":"desktop-5a9h5ko:b3abd0852f333f78"}}
{"v":1,"session":"desktop-5a9h5ko:b3abd0852f333f78","cmd":"add","ts":"2026-09-18T21:09:27Z","inv":{"id":"Y-05","op":"rm_node"}}
{"v":1,"session":"desktop-5a9h5ko:b3abd0852f333f78","cmd":"field","ts":"2026-09-18T21:09:27Z","inv":{"id":"Y-05","field":"invariant","op":"field_pop_last"}}
{"v":1,"session":"desktop-5a9h5ko:b3abd0852f333f78","cmd":"field","ts":"2026-09-18T21:09:27Z","inv":{"id":"Y-05","field":"why","op":"field_pop_last"}}
{"v":1,"session":"desktop-5a9h5ko:b3abd0852f333f78","cmd":"set","ts":"2026-09-18T21:09:27Z","inv":{"old_status":"proposed","id":"Y-05","op":"set_status_plain"}}
{"v":1,"session":"desktop-5a9h5ko:b3abd0852f333f78","cmd":"set","ts":"2026-09-18T21:13:58Z","inv":{"had_session_at_before":false,"old_w_status":"proposed","had_session_before":false,"id":"W-11","op":"set_w_status_with_goals","goal_statuses":{"G-05":"unverified"},"old_session_at":"","old_session":""}}
{"v":1,"session":"desktop-5a9h5ko:b3abd0852f333f78","cmd":"field","ts":"2026-09-18T21:15:18Z","inv":{"line":"CI runs bun test plus the W-12 parity gate and no snapshot files remain in the tree.","id":"W-11","field":"ac","op":"field_insert_line","index":3}}
{"v":1,"session":"desktop-5a9h5ko:b3abd0852f333f78","cmd":"field","ts":"2026-09-18T21:15:18Z","inv":{"id":"W-11","field":"ac","op":"field_pop_last"}}
{"v":1,"session":"desktop-5a9h5ko:b3abd0852f333f78","cmd":"field","ts":"2026-09-18T21:15:18Z","inv":{"id":"W-11","field":"evidence","op":"field_pop_last"}}
{"v":1,"session":"desktop-5a9h5ko:b3abd0852f333f78","cmd":"field","ts":"2026-09-18T21:15:18Z","inv":{"id":"W-11","field":"evidence","op":"field_pop_last"}}
{"v":1,"session":"desktop-5a9h5ko:b3abd0852f333f78","cmd":"field","ts":"2026-09-18T21:15:18Z","inv":{"id":"W-11","field":"evidence","op":"field_pop_last"}}
{"v":1,"session":"desktop-5a9h5ko:b3abd0852f333f78","cmd":"field","ts":"2026-09-18T21:15:19Z","inv":{"id":"W-11","field":"surface","op":"field_pop_last"}}
{"v":1,"session":"desktop-5a9h5ko:b3abd0852f333f78","cmd":"field","ts":"2026-09-18T21:15:19Z","inv":{"id":"W-11","field":"surface","op":"field_pop_last"}}
{"v":1,"session":"desktop-5a9h5ko:b3abd0852f333f78","cmd":"field","ts":"2026-09-18T21:15:19Z","inv":{"id":"W-11","field":"surface","op":"field_pop_last"}}
{"v":1,"session":"desktop-5a9h5ko:b3abd0852f333f78","cmd":"field","ts":"2026-09-18T21:15:19Z","inv":{"id":"W-11","field":"surface","op":"field_pop_last"}}
{"v":1,"session":"desktop-5a9h5ko:b3abd0852f333f78","cmd":"field","ts":"2026-09-18T21:15:19Z","inv":{"id":"W-11","field":"surface","op":"field_pop_last"}}
{"v":1,"session":"desktop-5a9h5ko:b3abd0852f333f78","cmd":"fitness","ts":"2026-09-18T21:15:19Z","inv":{"had_key":true,"wid":"W-11","gid":"G-05","previous":1,"op":"restore_fitness_key"}}
{"v":1,"session":"desktop-5a9h5ko:b3abd0852f333f78","cmd":"set","ts":"2026-09-18T21:15:20Z","inv":{"had_session_at_before":true,"old_w_status":"progress","had_session_before":true,"id":"W-11","op":"set_w_status_with_goals","goal_statuses":{"G-05":"unverified"},"old_session_at":"2026-09-18T21:13:58Z","old_session":"desktop-5a9h5ko:b3abd0852f333f78"}}
{"v":1,"session":"desktop-5a9h5ko:b3abd0852f333f78","cmd":"set","ts":"2026-09-18T21:15:39Z","inv":{"had_session_at_before":false,"old_w_status":"proposed","had_session_before":false,"id":"W-12","op":"set_w_status_with_goals","goal_statuses":{"G-05":"partial"},"old_session_at":"","old_session":""}}
{"v":1,"session":"desktop-5a9h5ko:b3abd0852f333f78","cmd":"field","ts":"2026-09-18T21:20:19Z","inv":{"id":"W-12","field":"surface","op":"field_pop_last"}}
{"v":1,"session":"desktop-5a9h5ko:b3abd0852f333f78","cmd":"field","ts":"2026-09-18T21:20:20Z","inv":{"id":"W-12","field":"surface","op":"field_pop_last"}}
{"v":1,"session":"desktop-5a9h5ko:b3abd0852f333f78","cmd":"field","ts":"2026-09-18T21:20:20Z","inv":{"id":"W-12","field":"surface","op":"field_pop_last"}}
{"v":1,"session":"desktop-5a9h5ko:b3abd0852f333f78","cmd":"field","ts":"2026-09-18T21:20:20Z","inv":{"id":"W-12","field":"evidence","op":"field_pop_last"}}
{"v":1,"session":"desktop-5a9h5ko:b3abd0852f333f78","cmd":"field","ts":"2026-09-18T21:20:20Z","inv":{"id":"W-12","field":"evidence","op":"field_pop_last"}}
{"v":1,"session":"desktop-5a9h5ko:b3abd0852f333f78","cmd":"field","ts":"2026-09-18T21:20:20Z","inv":{"id":"W-12","field":"evidence","op":"field_pop_last"}}
{"v":1,"session":"desktop-5a9h5ko:b3abd0852f333f78","cmd":"field","ts":"2026-09-18T21:20:20Z","inv":{"id":"W-12","field":"evidence","op":"field_pop_last"}}
{"v":1,"session":"desktop-5a9h5ko:b3abd0852f333f78","cmd":"fitness","ts":"2026-09-18T21:20:21Z","inv":{"had_key":true,"wid":"W-12","gid":"G-05","previous":1,"op":"restore_fitness_key"}}
{"v":1,"session":"desktop-5a9h5ko:b3abd0852f333f78","cmd":"set","ts":"2026-09-18T21:20:21Z","inv":{"had_session_at_before":true,"old_w_status":"progress","had_session_before":true,"id":"W-12","op":"set_w_status_with_goals","goal_statuses":{"G-05":"partial"},"old_session_at":"2026-09-18T21:15:39Z","old_session":"desktop-5a9h5ko:b3abd0852f333f78"}}
{"v":1,"session":"desktop-5a9h5ko:b3abd0852f333f78","cmd":"set","ts":"2026-09-18T21:20:47Z","inv":{"had_session_at_before":false,"old_w_status":"proposed","had_session_before":false,"id":"W-13","op":"set_w_status_with_goals","goal_statuses":{"G-05":"partial"},"old_session_at":"","old_session":""}}
{"v":1,"session":"desktop-5a9h5ko:b3abd0852f333f78","cmd":"field","ts":"2026-09-18T21:22:25Z","inv":{"id":"W-13","field":"evidence","op":"field_pop_last"}}
{"v":1,"session":"desktop-5a9h5ko:b3abd0852f333f78","cmd":"field","ts":"2026-09-18T21:22:25Z","inv":{"id":"W-13","field":"evidence","op":"field_pop_last"}}
{"v":1,"session":"desktop-5a9h5ko:b3abd0852f333f78","cmd":"field","ts":"2026-09-18T21:22:25Z","inv":{"id":"W-13","field":"evidence","op":"field_pop_last"}}
{"v":1,"session":"desktop-5a9h5ko:b3abd0852f333f78","cmd":"field","ts":"2026-09-18T21:22:25Z","inv":{"id":"W-13","field":"evidence","op":"field_pop_last"}}
{"v":1,"session":"desktop-5a9h5ko:b3abd0852f333f78","cmd":"field","ts":"2026-09-18T21:22:25Z","inv":{"id":"W-13","field":"evidence","op":"field_pop_last"}}
{"v":1,"session":"desktop-5a9h5ko:b3abd0852f333f78","cmd":"field","ts":"2026-09-18T21:22:26Z","inv":{"id":"W-13","field":"surface","op":"field_pop_last"}}
{"v":1,"session":"desktop-5a9h5ko:b3abd0852f333f78","cmd":"field","ts":"2026-09-18T21:22:26Z","inv":{"id":"W-13","field":"surface","op":"field_pop_last"}}
{"v":1,"session":"desktop-5a9h5ko:b3abd0852f333f78","cmd":"field","ts":"2026-09-18T21:22:26Z","inv":{"id":"W-13","field":"surface","op":"field_pop_last"}}
{"v":1,"session":"desktop-5a9h5ko:b3abd0852f333f78","cmd":"fitness","ts":"2026-09-18T21:22:26Z","inv":{"had_key":true,"wid":"W-13","gid":"G-05","previous":1,"op":"restore_fitness_key"}}
{"v":1,"session":"desktop-5a9h5ko:b3abd0852f333f78","cmd":"set","ts":"2026-09-18T21:22:26Z","inv":{"had_session_at_before":true,"old_w_status":"progress","had_session_before":true,"id":"W-13","op":"set_w_status_with_goals","goal_statuses":{"G-05":"partial"},"old_session_at":"2026-09-18T21:20:47Z","old_session":"desktop-5a9h5ko:b3abd0852f333f78"}}
{"v":1,"session":"desktop-5a9h5ko:b3abd0852f333f78","cmd":"add","ts":"2026-09-18T21:22:50Z","inv":{"id":"Y-06","op":"rm_node"}}
{"v":1,"session":"desktop-5a9h5ko:b3abd0852f333f78","cmd":"field","ts":"2026-09-18T21:22:50Z","inv":{"id":"Y-06","field":"invariant","op":"field_pop_last"}}
{"v":1,"session":"desktop-5a9h5ko:b3abd0852f333f78","cmd":"field","ts":"2026-09-18T21:22:50Z","inv":{"id":"Y-06","field":"why","op":"field_pop_last"}}
{"v":1,"session":"desktop-5a9h5ko:b3abd0852f333f78","cmd":"set","ts":"2026-09-18T21:22:51Z","inv":{"old_status":"proposed","id":"Y-06","op":"set_status_plain"}}
{"v":1,"session":"desktop-5a9h5ko:b3abd0852f333f78","cmd":"archive","ts":"2026-09-18T21:22:51Z","inv":{"ids":["B-01","D-04","D-05","G-01","W-02","W-07","W-08"],"id":"G-01","op":"archive"}}
{"v":1,"session":"desktop-5a9h5ko:b3abd0852f333f78","cmd":"archive","ts":"2026-09-18T21:22:51Z","inv":{"ids":["B-05","D-06","G-02","Q-01","W-05","W-06"],"id":"G-02","op":"archive"}}
{"v":1,"session":"desktop-5a9h5ko:b3abd0852f333f78","cmd":"archive","ts":"2026-09-18T21:22:51Z","inv":{"ids":["B-04","D-02","D-03","G-03","W-03","W-04"],"id":"G-03","op":"archive"}}
{"v":1,"session":"desktop-5a9h5ko:b3abd0852f333f78","cmd":"archive","ts":"2026-09-18T21:22:51Z","inv":{"ids":["B-03","G-04","Q-03","W-09","W-10"],"id":"G-04","op":"archive"}}
{"v":1,"session":"desktop-5a9h5ko:b3abd0852f333f78","cmd":"archive","ts":"2026-09-18T21:22:51Z","inv":{"ids":["D-01","D-11","D-12","G-05","Q-02","T-01","W-11","W-12","W-13"],"id":"G-05","op":"archive"}}
{"v":1,"session":"desktop-5a9h5ko:b3abd0852f333f78","cmd":"field","ts":"2026-09-18T21:23:01Z","inv":{"line":"parity","id":"Y-06","field":"tags","op":"field_insert_line","index":1}}
{"v":1,"session":"desktop-5a9h5ko:b3abd0852f333f78","cmd":"field","ts":"2026-09-18T21:23:01Z","inv":{"id":"Y-06","field":"tags","op":"field_pop_last"}}
{"v":1,"session":"desktop-5a9h5ko:b3abd0852f333f78","cmd":"distill","ts":"2026-09-18T21:23:59Z","inv":{"goal":"G-01","op":"distill","empty":true}}
{"v":1,"session":"desktop-5a9h5ko:b3abd0852f333f78","cmd":"archive","ts":"2026-09-18T21:24:00Z","inv":{"ids":[],"id":"G-01","op":"archive"}}
{"v":1,"session":"desktop-5a9h5ko:b3abd0852f333f78","cmd":"distill","ts":"2026-09-18T21:24:00Z","inv":{"goal":"G-02","op":"distill","empty":true}}
{"v":1,"session":"desktop-5a9h5ko:b3abd0852f333f78","cmd":"archive","ts":"2026-09-18T21:24:00Z","inv":{"ids":[],"id":"G-02","op":"archive"}}
{"v":1,"session":"desktop-5a9h5ko:b3abd0852f333f78","cmd":"distill","ts":"2026-09-18T21:24:00Z","inv":{"goal":"G-03","op":"distill","empty":true}}
{"v":1,"session":"desktop-5a9h5ko:b3abd0852f333f78","cmd":"archive","ts":"2026-09-18T21:24:00Z","inv":{"ids":[],"id":"G-03","op":"archive"}}
{"v":1,"session":"desktop-5a9h5ko:b3abd0852f333f78","cmd":"distill","ts":"2026-09-18T21:24:00Z","inv":{"goal":"G-04","op":"distill","empty":true}}
{"v":1,"session":"desktop-5a9h5ko:b3abd0852f333f78","cmd":"archive","ts":"2026-09-18T21:24:00Z","inv":{"ids":[],"id":"G-04","op":"archive"}}
{"v":1,"session":"desktop-5a9h5ko:b3abd0852f333f78","cmd":"distill","ts":"2026-09-18T21:24:01Z","inv":{"goal":"G-05","op":"distill","empty":true}}
{"v":1,"session":"desktop-5a9h5ko:b3abd0852f333f78","cmd":"archive","ts":"2026-09-18T21:24:01Z","inv":{"ids":[],"id":"G-05","op":"archive"}}
{"v":1,"session":"desktop-5a9h5ko:b3abd0852f333f78","cmd":"add","ts":"2026-09-18T21:42:28Z","inv":{"id":"T-02","op":"rm_node"}}
{"v":1,"session":"desktop-5a9h5ko:b3abd0852f333f78","cmd":"add","ts":"2026-09-18T21:42:28Z","inv":{"id":"G-06","op":"rm_node"}}
{"v":1,"session":"desktop-5a9h5ko:b3abd0852f333f78","cmd":"add","ts":"2026-09-18T21:42:28Z","inv":{"id":"G-07","op":"rm_node"}}
{"v":1,"session":"desktop-5a9h5ko:b3abd0852f333f78","cmd":"add","ts":"2026-09-18T21:42:28Z","inv":{"id":"G-08","op":"rm_node"}}
{"v":1,"session":"desktop-5a9h5ko:b3abd0852f333f78","cmd":"add","ts":"2026-09-18T21:42:43Z","inv":{"id":"W-14","op":"rm_node"}}
{"v":1,"session":"desktop-5a9h5ko:b3abd0852f333f78","cmd":"field","ts":"2026-09-18T21:42:44Z","inv":{"id":"W-14","field":"ac","op":"field_pop_last"}}
{"v":1,"session":"desktop-5a9h5ko:b3abd0852f333f78","cmd":"field","ts":"2026-09-18T21:42:44Z","inv":{"id":"W-14","field":"ac","op":"field_pop_last"}}
{"v":1,"session":"desktop-5a9h5ko:b3abd0852f333f78","cmd":"field","ts":"2026-09-18T21:42:44Z","inv":{"id":"W-14","field":"ac","op":"field_pop_last"}}
{"v":1,"session":"desktop-5a9h5ko:b3abd0852f333f78","cmd":"field","ts":"2026-09-18T21:42:44Z","inv":{"id":"W-14","field":"ac","op":"field_pop_last"}}
{"v":1,"session":"desktop-5a9h5ko:b3abd0852f333f78","cmd":"field","ts":"2026-09-18T21:42:44Z","inv":{"id":"W-14","field":"ac","op":"field_pop_last"}}
{"v":1,"session":"desktop-5a9h5ko:b3abd0852f333f78","cmd":"field","ts":"2026-09-18T21:42:44Z","inv":{"id":"W-14","field":"evidence_strategy","op":"field_pop_last"}}
{"v":1,"session":"desktop-5a9h5ko:b3abd0852f333f78","cmd":"link","ts":"2026-09-18T21:42:45Z","inv":{"label":"causes","to":"W-14","op":"unlink_edge","from":"T-02"}}
{"v":1,"session":"desktop-5a9h5ko:b3abd0852f333f78","cmd":"fitness","ts":"2026-09-18T21:42:45Z","inv":{"had_key":false,"wid":"W-14","gid":"G-06","previous":null,"op":"restore_fitness_key"}}
{"v":1,"session":"desktop-5a9h5ko:b3abd0852f333f78","cmd":"add","ts":"2026-09-18T21:42:45Z","inv":{"id":"W-15","op":"rm_node"}}
{"v":1,"session":"desktop-5a9h5ko:b3abd0852f333f78","cmd":"field","ts":"2026-09-18T21:42:45Z","inv":{"id":"W-15","field":"ac","op":"field_pop_last"}}
{"v":1,"session":"desktop-5a9h5ko:b3abd0852f333f78","cmd":"field","ts":"2026-09-18T21:42:45Z","inv":{"id":"W-15","field":"evidence_strategy","op":"field_pop_last"}}
{"v":1,"session":"desktop-5a9h5ko:b3abd0852f333f78","cmd":"link","ts":"2026-09-18T21:42:45Z","inv":{"label":"causes","to":"W-15","op":"unlink_edge","from":"T-02"}}
{"v":1,"session":"desktop-5a9h5ko:b3abd0852f333f78","cmd":"fitness","ts":"2026-09-18T21:42:45Z","inv":{"had_key":false,"wid":"W-15","gid":"G-06","previous":null,"op":"restore_fitness_key"}}
{"v":1,"session":"desktop-5a9h5ko:b3abd0852f333f78","cmd":"add","ts":"2026-09-18T21:42:46Z","inv":{"id":"W-16","op":"rm_node"}}
{"v":1,"session":"desktop-5a9h5ko:b3abd0852f333f78","cmd":"field","ts":"2026-09-18T21:42:46Z","inv":{"id":"W-16","field":"ac","op":"field_pop_last"}}
{"v":1,"session":"desktop-5a9h5ko:b3abd0852f333f78","cmd":"field","ts":"2026-09-18T21:42:46Z","inv":{"id":"W-16","field":"evidence_strategy","op":"field_pop_last"}}
{"v":1,"session":"desktop-5a9h5ko:b3abd0852f333f78","cmd":"link","ts":"2026-09-18T21:42:46Z","inv":{"label":"causes","to":"W-16","op":"unlink_edge","from":"T-02"}}
{"v":1,"session":"desktop-5a9h5ko:b3abd0852f333f78","cmd":"fitness","ts":"2026-09-18T21:42:46Z","inv":{"had_key":false,"wid":"W-16","gid":"G-07","previous":null,"op":"restore_fitness_key"}}
{"v":1,"session":"desktop-5a9h5ko:b3abd0852f333f78","cmd":"add","ts":"2026-09-18T21:42:46Z","inv":{"id":"W-17","op":"rm_node"}}
{"v":1,"session":"desktop-5a9h5ko:b3abd0852f333f78","cmd":"field","ts":"2026-09-18T21:42:47Z","inv":{"id":"W-17","field":"ac","op":"field_pop_last"}}
{"v":1,"session":"desktop-5a9h5ko:b3abd0852f333f78","cmd":"field","ts":"2026-09-18T21:42:47Z","inv":{"id":"W-17","field":"ac","op":"field_pop_last"}}
{"v":1,"session":"desktop-5a9h5ko:b3abd0852f333f78","cmd":"field","ts":"2026-09-18T21:42:47Z","inv":{"id":"W-17","field":"ac","op":"field_pop_last"}}
{"v":1,"session":"desktop-5a9h5ko:b3abd0852f333f78","cmd":"field","ts":"2026-09-18T21:42:47Z","inv":{"id":"W-17","field":"evidence_strategy","op":"field_pop_last"}}
{"v":1,"session":"desktop-5a9h5ko:b3abd0852f333f78","cmd":"link","ts":"2026-09-18T21:42:47Z","inv":{"label":"causes","to":"W-17","op":"unlink_edge","from":"T-02"}}
{"v":1,"session":"desktop-5a9h5ko:b3abd0852f333f78","cmd":"fitness","ts":"2026-09-18T21:42:47Z","inv":{"had_key":false,"wid":"W-17","gid":"G-07","previous":null,"op":"restore_fitness_key"}}
{"v":1,"session":"desktop-5a9h5ko:b3abd0852f333f78","cmd":"add","ts":"2026-09-18T21:42:48Z","inv":{"id":"W-18","op":"rm_node"}}
{"v":1,"session":"desktop-5a9h5ko:b3abd0852f333f78","cmd":"field","ts":"2026-09-18T21:42:48Z","inv":{"id":"W-18","field":"ac","op":"field_pop_last"}}
{"v":1,"session":"desktop-5a9h5ko:b3abd0852f333f78","cmd":"field","ts":"2026-09-18T21:42:48Z","inv":{"id":"W-18","field":"ac","op":"field_pop_last"}}
{"v":1,"session":"desktop-5a9h5ko:b3abd0852f333f78","cmd":"field","ts":"2026-09-18T21:42:48Z","inv":{"id":"W-18","field":"evidence_strategy","op":"field_pop_last"}}
{"v":1,"session":"desktop-5a9h5ko:b3abd0852f333f78","cmd":"link","ts":"2026-09-18T21:42:48Z","inv":{"label":"causes","to":"W-18","op":"unlink_edge","from":"T-02"}}
{"v":1,"session":"desktop-5a9h5ko:b3abd0852f333f78","cmd":"fitness","ts":"2026-09-18T21:42:48Z","inv":{"had_key":false,"wid":"W-18","gid":"G-08","previous":null,"op":"restore_fitness_key"}}
{"v":1,"session":"desktop-5a9h5ko:b3abd0852f333f78","cmd":"set","ts":"2026-09-18T21:42:49Z","inv":{"had_session_at_before":false,"old_w_status":"proposed","had_session_before":false,"id":"W-14","op":"set_w_status_with_goals","goal_statuses":{"G-06":"unverified"},"old_session_at":"","old_session":""}}
{"v":1,"session":"desktop-5a9h5ko:b3abd0852f333f78","cmd":"field","ts":"2026-09-18T21:43:17Z","inv":{"id":"W-14","field":"evidence","op":"field_pop_last"}}
{"v":1,"session":"desktop-5a9h5ko:b3abd0852f333f78","cmd":"field","ts":"2026-09-18T21:43:17Z","inv":{"id":"W-14","field":"evidence","op":"field_pop_last"}}
{"v":1,"session":"desktop-5a9h5ko:b3abd0852f333f78","cmd":"field","ts":"2026-09-18T21:43:17Z","inv":{"id":"W-14","field":"evidence","op":"field_pop_last"}}
{"v":1,"session":"desktop-5a9h5ko:b3abd0852f333f78","cmd":"set","ts":"2026-09-18T21:43:17Z","inv":{"had_session_at_before":true,"old_w_status":"progress","had_session_before":true,"id":"W-14","op":"set_w_status_with_goals","goal_statuses":{"G-06":"unverified"},"old_session_at":"2026-09-18T21:42:49Z","old_session":"desktop-5a9h5ko:b3abd0852f333f78"}}
{"v":1,"session":"desktop-5a9h5ko:b3abd0852f333f78","cmd":"set","ts":"2026-09-18T21:44:12Z","inv":{"had_session_at_before":false,"old_w_status":"proposed","had_session_before":false,"id":"W-15","op":"set_w_status_with_goals","goal_statuses":{"G-06":"partial"},"old_session_at":"","old_session":""}}
{"v":1,"session":"desktop-5a9h5ko:b3abd0852f333f78","cmd":"field","ts":"2026-09-18T21:45:11Z","inv":{"id":"W-15","field":"evidence","op":"field_pop_last"}}
{"v":1,"session":"desktop-5a9h5ko:b3abd0852f333f78","cmd":"field","ts":"2026-09-18T21:45:11Z","inv":{"id":"W-15","field":"evidence","op":"field_pop_last"}}
{"v":1,"session":"desktop-5a9h5ko:b3abd0852f333f78","cmd":"set","ts":"2026-09-18T21:45:12Z","inv":{"had_session_at_before":true,"old_w_status":"progress","had_session_before":true,"id":"W-15","op":"set_w_status_with_goals","goal_statuses":{"G-06":"partial"},"old_session_at":"2026-09-18T21:44:12Z","old_session":"desktop-5a9h5ko:b3abd0852f333f78"}}
